2026-01-23 14:41:54.537 [info] WARNING:pygls.protocol.json_rpc:Cancel notification for unknown message id "28"

2026-01-23 14:41:54.538 [info] WARNING:pygls.protocol.json_rpc:Cancel notification for unknown message id "29"

2026-01-23 14:41:54.555 [info] WARNING:pygls.protocol.json_rpc:Cancel notification for unknown message id "31"

2026-01-23 14:41:54.560 [info] WARNING:pygls.protocol.json_rpc:Cancel notification for unknown message id "30"

2026-01-23 14:41:54.576 [info] WARNING:pygls.protocol.json_rpc:Cancel notification for unknown message id "34"

2026-01-23 14:41:54.577 [info] WARNING:pygls.protocol.json_rpc:Cancel notification for unknown message id "36"

2026-01-23 14:41:54.577 [info] WARNING:pygls.protocol.json_rpc:Cancel notification for unknown message id "35"

2026-01-23 14:41:54.577 [info] WARNING:pygls.protocol.json_rpc:Cancel notification for unknown message id "33"

2026-01-23 14:41:54.583 [info] WARNING:pygls.protocol.json_rpc:Cancel notification for unknown message id "37"

2026-01-23 14:42:12.372 [info] WARNING:pygls.protocol.json_rpc:Cancel notification for unknown message id "66"

2026-01-23 14:42:13.631 [info] WARNING:pygls.protocol.json_rpc:Cancel notification for unknown message id "69"

2026-01-23 14:42:13.633 [info] WARNING:pygls.protocol.json_rpc:Cancel notification for unknown message id "67"

2026-01-23 14:42:13.635 [info] WARNING:pygls.protocol.json_rpc:Cancel notification for unknown message id "70"

2026-01-23 14:42:13.751 [info] WARNING:pygls.protocol.json_rpc:Cancel notification for unknown message id "71"

2026-01-23 14:42:13.756 [info] WARNING:pygls.protocol.json_rpc:Cancel notification for unknown message id "72"

2026-01-23 14:42:13.759 [info] WARNING:pygls.protocol.json_rpc:Cancel notification for unknown message id "73"

2026-01-23 14:42:13.761 [info] WARNING:pygls.protocol.json_rpc:Cancel notification for unknown message id "74"

2026-01-23 14:42:13.761 [info] WARNING:pygls.protocol.json_rpc:Cancel notification for unknown message id "68"

2026-01-23 14:42:16.267 [info] WARNING:pygls.protocol.json_rpc:Cancel notification for unknown message id "87"

2026-01-23 14:42:16.267 [info] WARNING:pygls.protocol.json_rpc:Cancel notification for unknown message id "88"

2026-01-23 14:42:24.522 [info] WARNING:pygls.protocol.json_rpc:Cancel notification for unknown message id "104"

2026-01-23 14:42:24.522 [info] WARNING:pygls.protocol.json_rpc:Cancel notification for unknown message id "105"

2026-01-23 14:42:24.532 [info] WARNING:pygls.protocol.json_rpc:Cancel notification for unknown message id "107"

2026-01-23 14:42:24.532 [info] WARNING:pygls.protocol.json_rpc:Cancel notification for unknown message id "108"

2026-01-23 14:42:24.532 [info] WARNING:pygls.protocol.json_rpc:Cancel notification for unknown message id "106"

2026-01-23 14:42:24.536 [info] WARNING:pygls.protocol.json_rpc:Cancel notification for unknown message id "109"

2026-01-23 14:42:24.541 [info] WARNING:pygls.protocol.json_rpc:Cancel notification for unknown message id "111"

2026-01-23 14:42:24.542 [info] WARNING:pygls.protocol.json_rpc:Cancel notification for unknown message id "110"

2026-01-23 14:42:24.546 [info] WARNING:pygls.protocol.json_rpc:Cancel notification for unknown message id "112"

2026-01-23 14:42:24.549 [info] WARNING:pygls.protocol.json_rpc:Cancel notification for unknown message id "113"

2026-01-23 14:42:26.238 [info] WARNING:pygls.protocol.json_rpc:Cancel notification for unknown message id "122"

2026-01-23 14:43:29.369 [info] WARNING:pygls.protocol.json_rpc:Cancel notification for unknown message id "163"

2026-01-23 14:43:29.371 [info] WARNING:pygls.protocol.json_rpc:Cancel notification for unknown message id "164"

2026-01-23 14:43:34.320 [info] WARNING:pygls.protocol.json_rpc:Cancel notification for unknown message id "180"

2026-01-23 14:43:53.017 [info] WARNING:pygls.protocol.json_rpc:Cancel notification for unknown message id "246"

2026-01-23 14:44:34.588 [info] WARNING:pygls.protocol.json_rpc:Cancel notification for unknown message id "294"

2026-01-23 14:44:34.590 [info] WARNING:pygls.protocol.json_rpc:Cancel notification for unknown message id "295"

2026-01-23 14:44:38.402 [info] WARNING:pygls.protocol.json_rpc:Cancel notification for unknown message id "310"

2026-01-23 14:44:38.403 [info] WARNING:pygls.protocol.json_rpc:Cancel notification for unknown message id "311"

2026-01-23 14:44:39.481 [info] WARNING:pygls.protocol.json_rpc:Cancel notification for unknown message id "312"

2026-01-23 14:44:39.481 [info] WARNING:pygls.protocol.json_rpc:Cancel notification for unknown message id "313"

2026-01-23 14:45:22.889 [info] WARNING:pygls.protocol.json_rpc:Cancel notification for unknown message id "408"

2026-01-23 14:45:22.892 [info] WARNING:pygls.protocol.json_rpc:Cancel notification for unknown message id "409"

2026-01-23 14:45:23.006 [info] WARNING:pygls.protocol.json_rpc:Cancel notification for unknown message id "410"

2026-01-23 14:45:23.006 [info] WARNING:pygls.protocol.json_rpc:Cancel notification for unknown message id "411"

2026-01-23 14:45:25.202 [info] WARNING:pygls.protocol.json_rpc:Cancel notification for unknown message id "415"

2026-01-23 14:45:25.202 [info] WARNING:pygls.protocol.json_rpc:Cancel notification for unknown message id "416"

2026-01-23 14:45:25.210 [info] WARNING:pygls.protocol.json_rpc:Cancel notification for unknown message id "417"

2026-01-23 14:45:38.784 [info] WARNING:pygls.protocol.json_rpc:Cancel notification for unknown message id "468"

2026-01-23 14:45:40.812 [info] WARNING:pygls.protocol.json_rpc:Cancel notification for unknown message id "472"

2026-01-23 14:45:40.814 [info] WARNING:pygls.protocol.json_rpc:Cancel notification for unknown message id "473"

2026-01-23 14:45:40.836 [info] WARNING:pygls.protocol.json_rpc:Cancel notification for unknown message id "475"

2026-01-23 14:45:50.463 [info] WARNING:pygls.protocol.json_rpc:Cancel notification for unknown message id "518"

2026-01-23 14:45:50.467 [info] WARNING:pygls.protocol.json_rpc:Cancel notification for unknown message id "519"

2026-01-23 14:46:07.202 [info] WARNING:pygls.protocol.json_rpc:Cancel notification for unknown message id "542"

2026-01-23 14:46:07.205 [info] WARNING:pygls.protocol.json_rpc:Cancel notification for unknown message id "543"

2026-01-23 14:46:08.310 [info] WARNING:pygls.protocol.json_rpc:Cancel notification for unknown message id "546"

2026-01-23 14:46:39.992 [info] WARNING:pygls.protocol.json_rpc:Cancel notification for unknown message id "596"

2026-01-23 14:46:39.992 [info] WARNING:pygls.protocol.json_rpc:Cancel notification for unknown message id "597"

2026-01-23 14:46:40.541 [info] WARNING:pygls.protocol.json_rpc:Cancel notification for unknown message id "600"

2026-01-23 14:46:40.541 [info] WARNING:pygls.protocol.json_rpc:Cancel notification for unknown message id "601"

2026-01-23 14:46:42.784 [info] WARNING:pygls.protocol.json_rpc:Cancel notification for unknown message id "606"

2026-01-23 14:47:00.671 [info] WARNING:pygls.protocol.json_rpc:Cancel notification for unknown message id "635"

2026-01-23 14:47:00.671 [info] WARNING:pygls.protocol.json_rpc:Cancel notification for unknown message id "636"

2026-01-23 14:48:11.373 [info] WARNING:pygls.protocol.json_rpc:Cancel notification for unknown message id "745"

2026-01-23 14:48:36.035 [info] WARNING:pygls.protocol.json_rpc:Cancel notification for unknown message id "789"

2026-01-23 14:48:38.033 [info] WARNING:pygls.protocol.json_rpc:Cancel notification for unknown message id "797"

2026-01-23 14:48:38.033 [info] WARNING:pygls.protocol.json_rpc:Cancel notification for unknown message id "798"

2026-01-23 14:50:14.599 [info] WARNING:pygls.protocol.json_rpc:Cancel notification for unknown message id "817"

2026-01-23 14:50:21.353 [info] WARNING:pygls.protocol.json_rpc:Cancel notification for unknown message id "829"

2026-01-23 14:50:21.365 [info] WARNING:pygls.protocol.json_rpc:Cancel notification for unknown message id "831"

2026-01-23 14:50:21.367 [info] WARNING:pygls.protocol.json_rpc:Cancel notification for unknown message id "830"

2026-01-23 14:50:21.387 [info] WARNING:pygls.protocol.json_rpc:Cancel notification for unknown message id "832"

2026-01-23 14:50:22.655 [info] WARNING:pygls.protocol.json_rpc:Cancel notification for unknown message id "837"

2026-01-23 14:50:22.658 [info] WARNING:pygls.protocol.json_rpc:Cancel notification for unknown message id "838"

2026-01-23 14:50:24.229 [info] WARNING:pygls.protocol.json_rpc:Cancel notification for unknown message id "845"

2026-01-23 14:50:24.230 [info] WARNING:pygls.protocol.json_rpc:Cancel notification for unknown message id "846"

2026-01-23 14:51:15.727 [info] WARNING:pygls.protocol.json_rpc:Cancel notification for unknown message id "883"

2026-01-23 14:51:18.466 [info] WARNING:pygls.protocol.json_rpc:Cancel notification for unknown message id "892"

2026-01-23 14:51:18.467 [info] WARNING:pygls.protocol.json_rpc:Cancel notification for unknown message id "893"

2026-01-23 14:51:52.835 [info] WARNING:pygls.protocol.json_rpc:Cancel notification for unknown message id "939"

2026-01-23 14:51:52.851 [info] WARNING:pygls.protocol.json_rpc:Cancel notification for unknown message id "941"

2026-01-23 14:51:52.856 [info] WARNING:pygls.protocol.json_rpc:Cancel notification for unknown message id "940"

2026-01-23 14:51:52.870 [info] WARNING:pygls.protocol.json_rpc:Cancel notification for unknown message id "942"

2026-01-23 14:51:54.401 [info] WARNING:pygls.protocol.json_rpc:Cancel notification for unknown message id "952"

2026-01-23 14:51:54.404 [info] WARNING:pygls.protocol.json_rpc:Cancel notification for unknown message id "953"

2026-01-23 14:52:45.969 [info] WARNING:pygls.protocol.json_rpc:Cancel notification for unknown message id "970"

2026-01-23 14:52:48.523 [info] WARNING:pygls.protocol.json_rpc:Cancel notification for unknown message id "978"

2026-01-23 14:52:48.523 [info] WARNING:pygls.protocol.json_rpc:Cancel notification for unknown message id "979"

2026-01-23 14:53:07.521 [info] WARNING:pygls.protocol.json_rpc:Cancel notification for unknown message id "1001"

2026-01-23 14:53:18.920 [info] WARNING:pygls.protocol.json_rpc:Cancel notification for unknown message id "1032"

2026-01-23 14:53:59.640 [info] WARNING:pygls.protocol.json_rpc:Cancel notification for unknown message id "1055"

2026-01-23 14:53:59.643 [info] WARNING:pygls.protocol.json_rpc:Cancel notification for unknown message id "1056"

2026-01-23 14:54:13.990 [info] WARNING:pygls.protocol.json_rpc:Cancel notification for unknown message id "1070"

2026-01-23 14:54:13.996 [info] WARNING:pygls.protocol.json_rpc:Cancel notification for unknown message id "1072"

2026-01-23 14:54:15.161 [info] WARNING:pygls.protocol.json_rpc:Cancel notification for unknown message id "1077"

2026-01-23 14:54:15.165 [info] WARNING:pygls.protocol.json_rpc:Cancel notification for unknown message id "1079"

2026-01-23 14:54:18.471 [info] WARNING:pygls.protocol.json_rpc:Cancel notification for unknown message id "1091"

2026-01-23 14:54:18.474 [info] WARNING:pygls.protocol.json_rpc:Cancel notification for unknown message id "1092"

2026-01-23 14:55:23.273 [info] WARNING:pygls.protocol.json_rpc:Cancel notification for unknown message id "1195"

2026-01-23 14:55:25.864 [info] WARNING:pygls.protocol.json_rpc:Cancel notification for unknown message id "1206"

2026-01-23 14:55:25.864 [info] WARNING:pygls.protocol.json_rpc:Cancel notification for unknown message id "1207"

2026-01-23 14:56:15.399 [info] WARNING:pygls.protocol.json_rpc:Cancel notification for unknown message id "1260"

2026-01-23 14:56:15.403 [info] WARNING:pygls.protocol.json_rpc:Cancel notification for unknown message id "1262"

2026-01-23 14:56:15.738 [info] WARNING:pygls.protocol.json_rpc:Cancel notification for unknown message id "1263"

2026-01-23 14:56:15.740 [info] WARNING:pygls.protocol.json_rpc:Cancel notification for unknown message id "1264"

2026-01-23 14:56:35.211 [info] WARNING:pygls.protocol.json_rpc:Cancel notification for unknown message id "1299"

2026-01-23 14:56:35.211 [info] WARNING:pygls.protocol.json_rpc:Cancel notification for unknown message id "1300"

2026-01-23 14:56:35.219 [info] WARNING:pygls.protocol.json_rpc:Cancel notification for unknown message id "1301"

2026-01-23 14:57:17.191 [info] WARNING:pygls.protocol.json_rpc:Cancel notification for unknown message id "1340"

2026-01-23 14:57:17.193 [info] WARNING:pygls.protocol.json_rpc:Cancel notification for unknown message id "1341"

2026-01-23 14:58:10.815 [info] WARNING:pygls.protocol.json_rpc:Cancel notification for unknown message id "1409"

2026-01-23 14:58:13.736 [info] WARNING:pygls.protocol.json_rpc:Cancel notification for unknown message id "1421"

2026-01-23 14:58:13.739 [info] WARNING:pygls.protocol.json_rpc:Cancel notification for unknown message id "1422"

2026-01-23 14:58:15.540 [info] WARNING:pygls.protocol.json_rpc:Cancel notification for unknown message id "1427"

2026-01-23 14:58:34.331 [info] WARNING:pygls.protocol.json_rpc:Cancel notification for unknown message id "1437"

2026-01-23 14:58:34.332 [info] WARNING:pygls.protocol.json_rpc:Cancel notification for unknown message id "1438"

2026-01-23 14:58:36.475 [info] WARNING:pygls.protocol.json_rpc:Cancel notification for unknown message id "1443"

2026-01-23 14:58:36.479 [info] WARNING:pygls.protocol.json_rpc:Cancel notification for unknown message id "1444"

2026-01-23 14:58:36.578 [info] WARNING:pygls.protocol.json_rpc:Cancel notification for unknown message id "1446"

2026-01-23 14:59:42.853 [info] WARNING:pygls.protocol.json_rpc:Cancel notification for unknown message id "1500"

2026-01-23 14:59:42.857 [info] WARNING:pygls.protocol.json_rpc:Cancel notification for unknown message id "1501"

2026-01-23 14:59:45.229 [info] WARNING:pygls.protocol.json_rpc:Cancel notification for unknown message id "1507"

2026-01-23 15:00:07.208 [info] WARNING:pygls.protocol.json_rpc:Cancel notification for unknown message id "1551"

2026-01-23 15:00:07.882 [info] WARNING:pygls.protocol.json_rpc:Cancel notification for unknown message id "1552"

2026-01-23 15:00:07.885 [info] WARNING:pygls.protocol.json_rpc:Cancel notification for unknown message id "1553"

2026-01-23 15:00:40.985 [info] WARNING:pygls.protocol.json_rpc:Cancel notification for unknown message id "1576"

2026-01-23 15:00:40.985 [info] WARNING:pygls.protocol.json_rpc:Cancel notification for unknown message id "1577"

2026-01-23 15:01:06.221 [info] WARNING:pygls.protocol.json_rpc:Cancel notification for unknown message id "1596"

2026-01-23 15:01:06.222 [info] WARNING:pygls.protocol.json_rpc:Cancel notification for unknown message id "1597"

2026-01-23 15:01:07.134 [info] WARNING:pygls.protocol.json_rpc:Cancel notification for unknown message id "1599"

2026-01-23 15:01:07.135 [info] WARNING:pygls.protocol.json_rpc:Cancel notification for unknown message id "1600"

2026-01-23 15:01:20.103 [info] WARNING:pygls.protocol.json_rpc:Cancel notification for unknown message id "1628"

2026-01-23 15:01:20.769 [info] WARNING:pygls.protocol.json_rpc:Cancel notification for unknown message id "1631"

2026-01-23 15:01:20.770 [info] WARNING:pygls.protocol.json_rpc:Cancel notification for unknown message id "1632"

2026-01-23 15:01:23.053 [info] WARNING:pygls.protocol.json_rpc:Cancel notification for unknown message id "1641"

2026-01-23 15:01:23.053 [info] WARNING:pygls.protocol.json_rpc:Cancel notification for unknown message id "1642"

2026-01-23 15:01:41.005 [info] WARNING:pygls.protocol.json_rpc:Cancel notification for unknown message id "1719"

2026-01-23 15:01:41.995 [info] WARNING:pygls.protocol.json_rpc:Cancel notification for unknown message id "1725"

2026-01-23 15:02:16.174 [info] WARNING:pygls.protocol.json_rpc:Cancel notification for unknown message id "1800"

2026-01-23 15:02:16.175 [info] WARNING:pygls.protocol.json_rpc:Cancel notification for unknown message id "1801"

2026-01-23 15:02:23.362 [info] WARNING:pygls.protocol.json_rpc:Cancel notification for unknown message id "1815"

2026-01-23 15:02:23.363 [info] WARNING:pygls.protocol.json_rpc:Cancel notification for unknown message id "1816"

2026-01-23 15:02:23.801 [info] WARNING:pygls.protocol.json_rpc:Cancel notification for unknown message id "1817"

2026-01-23 15:02:23.801 [info] WARNING:pygls.protocol.json_rpc:Cancel notification for unknown message id "1818"

2026-01-23 15:02:38.194 [info] WARNING:pygls.protocol.json_rpc:Cancel notification for unknown message id "1861"

2026-01-23 15:02:56.471 [info] WARNING:pygls.protocol.json_rpc:Cancel notification for unknown message id "1930"

2026-01-23 15:02:56.475 [info] WARNING:pygls.protocol.json_rpc:Cancel notification for unknown message id "1931"

2026-01-23 15:03:02.618 [info] WARNING:pygls.protocol.json_rpc:Cancel notification for unknown message id "1934"

2026-01-23 15:03:02.621 [info] WARNING:pygls.protocol.json_rpc:Cancel notification for unknown message id "1935"

2026-01-23 15:03:02.852 [info] WARNING:pygls.protocol.json_rpc:Cancel notification for unknown message id "1936"

2026-01-23 15:03:02.853 [info] WARNING:pygls.protocol.json_rpc:Cancel notification for unknown message id "1938"

2026-01-23 15:03:02.855 [info] WARNING:pygls.protocol.json_rpc:Cancel notification for unknown message id "1937"

2026-01-23 15:03:02.860 [info] WARNING:pygls.protocol.json_rpc:Cancel notification for unknown message id "1939"

2026-01-23 15:03:02.860 [info] WARNING:pygls.protocol.json_rpc:Cancel notification for unknown message id "1940"

2026-01-23 15:03:02.872 [info] WARNING:pygls.protocol.json_rpc:Cancel notification for unknown message id "1941"

2026-01-23 15:03:12.054 [info] WARNING:pygls.protocol.json_rpc:Cancel notification for unknown message id "1964"

2026-01-23 15:03:12.068 [info] WARNING:pygls.protocol.json_rpc:Cancel notification for unknown message id "1965"

2026-01-23 15:03:12.807 [info] WARNING:pygls.protocol.json_rpc:Cancel notification for unknown message id "1968"

2026-01-23 15:03:12.811 [info] WARNING:pygls.protocol.json_rpc:Cancel notification for unknown message id "1969"

2026-01-23 15:03:16.546 [info] WARNING:pygls.protocol.json_rpc:Cancel notification for unknown message id "1976"

2026-01-23 15:03:16.546 [info] WARNING:pygls.protocol.json_rpc:Cancel notification for unknown message id "1977"

2026-01-23 15:04:32.760 [info] WARNING:pygls.protocol.json_rpc:Cancel notification for unknown message id "2007"

2026-01-23 15:04:32.760 [info] WARNING:pygls.protocol.json_rpc:Cancel notification for unknown message id "2008"

2026-01-23 15:04:45.194 [info] WARNING:pygls.protocol.json_rpc:Cancel notification for unknown message id "2033"

2026-01-23 15:04:47.142 [info] WARNING:pygls.protocol.json_rpc:Cancel notification for unknown message id "2038"

2026-01-23 15:04:47.142 [info] WARNING:pygls.protocol.json_rpc:Cancel notification for unknown message id "2039"

2026-01-23 15:04:47.249 [info] WARNING:pygls.protocol.json_rpc:Cancel notification for unknown message id "2040"

2026-01-23 15:04:47.249 [info] WARNING:pygls.protocol.json_rpc:Cancel notification for unknown message id "2041"

2026-01-23 15:04:57.724 [info] WARNING:pygls.protocol.json_rpc:Cancel notification for unknown message id "2074"

2026-01-23 15:05:00.313 [info] WARNING:pygls.protocol.json_rpc:Cancel notification for unknown message id "2083"

2026-01-23 15:05:00.314 [info] WARNING:pygls.protocol.json_rpc:Cancel notification for unknown message id "2084"

2026-01-23 15:05:05.047 [info] WARNING:pygls.protocol.json_rpc:Cancel notification for unknown message id "2098"

2026-01-23 15:05:07.221 [info] WARNING:pygls.protocol.json_rpc:Cancel notification for unknown message id "2108"

2026-01-23 15:05:38.754 [info] WARNING:pygls.protocol.json_rpc:Cancel notification for unknown message id "2157"

2026-01-23 15:05:40.543 [info] WARNING:pygls.protocol.json_rpc:Cancel notification for unknown message id "2165"

2026-01-23 15:05:40.546 [info] WARNING:pygls.protocol.json_rpc:Cancel notification for unknown message id "2166"

2026-01-23 15:05:40.957 [info] WARNING:pygls.protocol.json_rpc:Cancel notification for unknown message id "2167"

2026-01-23 15:05:40.957 [info] WARNING:pygls.protocol.json_rpc:Cancel notification for unknown message id "2168"

2026-01-23 15:05:45.870 [info] WARNING:pygls.protocol.json_rpc:Cancel notification for unknown message id "2180"

2026-01-23 15:05:46.922 [info] WARNING:pygls.protocol.json_rpc:Cancel notification for unknown message id "2184"

2026-01-23 15:05:47.626 [info] WARNING:pygls.protocol.json_rpc:Cancel notification for unknown message id "2187"

2026-01-23 15:06:34.386 [info] WARNING:pygls.protocol.json_rpc:Cancel notification for unknown message id "2248"

2026-01-23 15:07:34.125 [info] WARNING:pygls.protocol.json_rpc:Cancel notification for unknown message id "2269"

2026-01-23 15:07:34.131 [info] WARNING:pygls.protocol.json_rpc:Cancel notification for unknown message id "2270"

2026-01-23 15:07:48.310 [info] WARNING:pygls.protocol.json_rpc:Cancel notification for unknown message id "2313"

2026-01-23 15:07:48.310 [info] WARNING:pygls.protocol.json_rpc:Cancel notification for unknown message id "2314"

2026-01-23 15:07:49.819 [info] WARNING:pygls.protocol.json_rpc:Cancel notification for unknown message id "2319"

2026-01-23 15:07:58.826 [info] WARNING:pygls.protocol.json_rpc:Cancel notification for unknown message id "2345"

2026-01-23 15:07:58.829 [info] WARNING:pygls.protocol.json_rpc:Cancel notification for unknown message id "2346"

2026-01-23 15:08:35.066 [info] WARNING:pygls.protocol.json_rpc:Cancel notification for unknown message id "2408"

2026-01-23 15:09:59.654 [info] WARNING:pygls.protocol.json_rpc:Cancel notification for unknown message id "2518"

2026-01-23 15:10:02.441 [info] WARNING:pygls.protocol.json_rpc:Cancel notification for unknown message id "2530"

2026-01-23 15:10:02.446 [info] WARNING:pygls.protocol.json_rpc:Cancel notification for unknown message id "2531"

2026-01-23 15:10:56.375 [info] WARNING:pygls.protocol.json_rpc:Cancel notification for unknown message id "2587"

2026-01-23 15:10:57.603 [info] WARNING:pygls.protocol.json_rpc:Cancel notification for unknown message id "2596"

2026-01-23 15:11:20.228 [info] WARNING:pygls.protocol.json_rpc:Cancel notification for unknown message id "2653"

2026-01-23 15:11:22.657 [info] WARNING:pygls.protocol.json_rpc:Cancel notification for unknown message id "2660"

2026-01-23 15:11:22.657 [info] WARNING:pygls.protocol.json_rpc:Cancel notification for unknown message id "2661"

2026-01-23 15:11:23.172 [info] WARNING:pygls.protocol.json_rpc:Cancel notification for unknown message id "2662"

2026-01-23 15:11:23.177 [info] WARNING:pygls.protocol.json_rpc:Cancel notification for unknown message id "2664"

2026-01-23 15:11:28.863 [info] WARNING:pygls.protocol.json_rpc:Cancel notification for unknown message id "2672"

2026-01-23 15:11:28.868 [info] WARNING:pygls.protocol.json_rpc:Cancel notification for unknown message id "2673"

2026-01-23 15:11:46.018 [info] WARNING:pygls.protocol.json_rpc:Cancel notification for unknown message id "2719"

2026-01-23 15:11:46.018 [info] WARNING:pygls.protocol.json_rpc:Cancel notification for unknown message id "2720"

2026-01-23 15:11:46.767 [info] WARNING:pygls.protocol.json_rpc:Cancel notification for unknown message id "2721"

2026-01-23 15:11:46.768 [info] WARNING:pygls.protocol.json_rpc:Cancel notification for unknown message id "2723"

2026-01-23 15:11:46.768 [info] WARNING:pygls.protocol.json_rpc:Cancel notification for unknown message id "2722"

2026-01-23 15:11:55.493 [info] WARNING:pygls.protocol.json_rpc:Cancel notification for unknown message id "2744"

2026-01-23 15:12:19.394 [info] WARNING:pygls.protocol.json_rpc:Cancel notification for unknown message id "2766"

2026-01-23 15:12:19.395 [info] WARNING:pygls.protocol.json_rpc:Cancel notification for unknown message id "2767"

2026-01-23 15:12:19.926 [info] WARNING:pygls.protocol.json_rpc:Cancel notification for unknown message id "2768"

2026-01-23 15:12:20.295 [info] WARNING:pygls.protocol.json_rpc:Cancel notification for unknown message id "2769"

2026-01-23 15:12:20.295 [info] WARNING:pygls.protocol.json_rpc:Cancel notification for unknown message id "2770"

2026-01-23 15:12:20.783 [info] WARNING:pygls.protocol.json_rpc:Cancel notification for unknown message id "2771"

2026-01-23 15:12:20.783 [info] WARNING:pygls.protocol.json_rpc:Cancel notification for unknown message id "2772"

2026-01-23 15:12:24.912 [info] WARNING:pygls.protocol.json_rpc:Cancel notification for unknown message id "2781"

2026-01-23 15:12:25.664 [info] WARNING:pygls.protocol.json_rpc:Cancel notification for unknown message id "2783"

2026-01-23 15:12:25.668 [info] WARNING:pygls.protocol.json_rpc:Cancel notification for unknown message id "2784"

2026-01-23 15:12:27.280 [info] WARNING:pygls.protocol.json_rpc:Cancel notification for unknown message id "2793"

2026-01-23 15:12:29.051 [info] WARNING:pygls.protocol.json_rpc:Cancel notification for unknown message id "2801"

2026-01-23 15:12:31.633 [info] WARNING:pygls.protocol.json_rpc:Cancel notification for unknown message id "2809"

2026-01-23 15:12:31.633 [info] WARNING:pygls.protocol.json_rpc:Cancel notification for unknown message id "2810"

2026-01-23 15:12:52.385 [info] WARNING:pygls.protocol.json_rpc:Cancel notification for unknown message id "2848"

2026-01-23 15:12:57.633 [info] WARNING:pygls.protocol.json_rpc:Cancel notification for unknown message id "2852"

2026-01-23 15:12:59.495 [info] WARNING:pygls.protocol.json_rpc:Cancel notification for unknown message id "2860"

2026-01-23 15:13:05.838 [info] WARNING:pygls.protocol.json_rpc:Cancel notification for unknown message id "2889"

2026-01-23 15:13:24.517 [info] WARNING:pygls.protocol.json_rpc:Cancel notification for unknown message id "2915"

2026-01-23 15:14:32.508 [info] WARNING:pygls.protocol.json_rpc:Cancel notification for unknown message id "3010"

2026-01-23 15:14:32.508 [info] WARNING:pygls.protocol.json_rpc:Cancel notification for unknown message id "3011"

2026-01-23 15:15:02.837 [info] WARNING:pygls.protocol.json_rpc:Cancel notification for unknown message id "3039"

2026-01-23 15:15:30.192 [info] WARNING:pygls.protocol.json_rpc:Cancel notification for unknown message id "3092"

2026-01-23 15:15:31.917 [info] WARNING:pygls.protocol.json_rpc:Cancel notification for unknown message id "3098"

2026-01-23 15:15:34.025 [info] WARNING:pygls.protocol.json_rpc:Cancel notification for unknown message id "3103"

2026-01-23 15:19:08.058 [info] WARNING:pygls.protocol.json_rpc:Cancel notification for unknown message id "3145"

2026-01-23 15:19:09.625 [info] WARNING:pygls.protocol.json_rpc:Cancel notification for unknown message id "3151"

2026-01-23 15:19:09.629 [info] WARNING:pygls.protocol.json_rpc:Cancel notification for unknown message id "3152"

2026-01-23 15:19:43.025 [info] WARNING:pygls.protocol.json_rpc:Cancel notification for unknown message id "3163"

2026-01-23 15:19:46.158 [info] WARNING:pygls.protocol.json_rpc:Cancel notification for unknown message id "3173"

2026-01-23 15:19:46.161 [info] WARNING:pygls.protocol.json_rpc:Cancel notification for unknown message id "3174"

2026-01-23 15:19:46.165 [info] WARNING:pygls.protocol.json_rpc:Cancel notification for unknown message id "3175"

2026-01-23 15:19:46.165 [info] WARNING:pygls.protocol.json_rpc:Cancel notification for unknown message id "3176"

2026-01-23 15:19:50.384 [info] WARNING:pygls.protocol.json_rpc:Cancel notification for unknown message id "3181"

2026-01-23 15:19:51.266 [info] WARNING:pygls.protocol.json_rpc:Cancel notification for unknown message id "3188"

2026-01-23 15:20:10.563 [info] WARNING:pygls.protocol.json_rpc:Cancel notification for unknown message id "3201"

2026-01-23 15:20:34.067 [info] WARNING:pygls.protocol.json_rpc:Cancel notification for unknown message id "3244"

2026-01-23 15:20:34.068 [info] WARNING:pygls.protocol.json_rpc:Cancel notification for unknown message id "3242"

2026-01-23 15:20:34.069 [info] WARNING:pygls.protocol.json_rpc:Cancel notification for unknown message id "3243"

2026-01-23 15:20:40.217 [info] WARNING:pygls.protocol.json_rpc:Cancel notification for unknown message id "3249"

2026-01-23 15:20:40.217 [info] WARNING:pygls.protocol.json_rpc:Cancel notification for unknown message id "3250"

2026-01-23 15:20:40.242 [info] WARNING:pygls.protocol.json_rpc:Cancel notification for unknown message id "3252"

2026-01-23 15:20:40.382 [info] WARNING:pygls.protocol.json_rpc:Cancel notification for unknown message id "3253"

2026-01-23 15:20:40.383 [info] WARNING:pygls.protocol.json_rpc:Cancel notification for unknown message id "3251"

2026-01-23 15:20:40.516 [info] WARNING:pygls.protocol.json_rpc:Cancel notification for unknown message id "3255"

2026-01-23 15:20:40.519 [info] WARNING:pygls.protocol.json_rpc:Cancel notification for unknown message id "3256"

2026-01-23 15:21:44.717 [info] WARNING:pygls.protocol.json_rpc:Cancel notification for unknown message id "3300"

2026-01-23 15:21:46.188 [info] WARNING:pygls.protocol.json_rpc:Cancel notification for unknown message id "3302"

2026-01-23 15:21:46.296 [info] WARNING:pygls.protocol.json_rpc:Cancel notification for unknown message id "3303"

2026-01-23 15:21:46.607 [info] WARNING:pygls.protocol.json_rpc:Cancel notification for unknown message id "3304"

2026-01-23 15:21:46.610 [info] WARNING:pygls.protocol.json_rpc:Cancel notification for unknown message id "3305"

2026-01-23 15:21:46.618 [info] WARNING:pygls.protocol.json_rpc:Cancel notification for unknown message id "3306"

2026-01-23 15:21:46.620 [info] WARNING:pygls.protocol.json_rpc:Cancel notification for unknown message id "3309"

2026-01-23 15:22:22.661 [info] WARNING:pygls.protocol.json_rpc:Cancel notification for unknown message id "3373"

2026-01-23 15:22:22.665 [info] WARNING:pygls.protocol.json_rpc:Cancel notification for unknown message id "3374"

2026-01-23 15:22:25.810 [info] ERROR:pygls.protocol.json_rpc:Failed to handle request 3381 textDocument/codeAction CodeActionParams(text_document=TextDocumentIdentifier(uri='file:///home/lukkotemplar/Documents/Personal/Python/solution.py'), range=6:29-6:29, context=CodeActionContext(diagnostics=[], only=None, trigger_kind=<CodeActionTriggerKind.Automatic: 2>), work_done_token=None, partial_result_token=None)
Traceback (most recent call last):
  File "/home/lukkotemplar/.vscode-oss/extensions/ms-python.python-2026.0.0-universal/python_files/lib/jedilsp/pygls/protocol/json_rpc.py", line 266, in _handle_request
    self._execute_request(msg_id, handler, params)
    ~~~~~~~~~~~~~~~~~~~~~^^^^^^^^^^^^^^^^^^^^^^^^^
  File "/home/lukkotemplar/.vscode-oss/extensions/ms-python.python-2026.0.0-universal/python_files/lib/jedilsp/pygls/protocol/json_rpc.py", line 188, in _execute_request
    self._send_response(msg_id, handler(params))
                                ~~~~~~~^^^^^^^^
  File "/home/lukkotemplar/.vscode-oss/extensions/ms-python.python-2026.0.0-universal/python_files/lib/jedilsp/jedi_language_server/notebook_utils.py", line 373, in wrapped
    result = f(notebook_server, notebook_params)
  File "/home/lukkotemplar/.vscode-oss/extensions/ms-python.python-2026.0.0-universal/python_files/lib/jedilsp/jedi_language_server/server.py", line 693, in code_action
    extract_variable_refactoring = jedi_script.extract_variable(
        new_name=extract_var, **jedi_lines_extract
    )
  File "/home/lukkotemplar/.vscode-oss/extensions/ms-python.python-2026.0.0-universal/python_files/lib/jedilsp/jedi/api/helpers.py", line 487, in wrapper
    return func(self, line, column, *args, **kwargs)
  File "/home/lukkotemplar/.vscode-oss/extensions/ms-python.python-2026.0.0-universal/python_files/lib/jedilsp/jedi/api/__init__.py", line 628, in extract_variable
    return extract_variable(
        self._inference_state, self.path, self._module_node,
        new_name, (line, column), until_pos
    )
  File "/home/lukkotemplar/.vscode-oss/extensions/ms-python.python-2026.0.0-universal/python_files/lib/jedilsp/jedi/api/refactoring/extract.py", line 19, in extract_variable
    nodes = _find_nodes(module_node, pos, until_pos)
  File "/home/lukkotemplar/.vscode-oss/extensions/ms-python.python-2026.0.0-universal/python_files/lib/jedilsp/jedi/api/refactoring/extract.py", line 87, in _find_nodes
    nodes = _remove_unwanted_expression_nodes(parent_node, pos, until_pos)
  File "/home/lukkotemplar/.vscode-oss/extensions/ms-python.python-2026.0.0-universal/python_files/lib/jedilsp/jedi/api/refactoring/extract.py", line 198, in _remove_unwanted_expression_nodes
    nodes[0:1] = _remove_unwanted_expression_nodes(nodes[0], pos, until_pos)
                 ~~~~~~~~~~~~~~~~~~~~~~~~~~~~~~~~~^^^^^^^^^^^^^^^^^^^^^^^^^^
  File "/home/lukkotemplar/.vscode-oss/extensions/ms-python.python-2026.0.0-universal/python_files/lib/jedilsp/jedi/api/refactoring/extract.py", line 196, in _remove_unwanted_expression_nodes
    nodes = nodes[start_index:end_index + 1]
                  ^^^^^^^^^^^
UnboundLocalError: cannot access local variable 'start_index' where it is not associated with a value

2026-01-23 15:22:25.837 [info] [Error - 15:22:25] Request textDocument/codeAction failed.
2026-01-23 15:22:25.837 [info]   Message: UnboundLocalError: cannot access local variable 'start_index' where it is not associated with a value
  Code: -32603 
[object Object]
2026-01-23 15:22:26.458 [info] ERROR:pygls.protocol.json_rpc:Failed to handle request 3382 textDocument/codeAction CodeActionParams(text_document=TextDocumentIdentifier(uri='file:///home/lukkotemplar/Documents/Personal/Python/solution.py'), range=6:30-6:30, context=CodeActionContext(diagnostics=[], only=None, trigger_kind=<CodeActionTriggerKind.Automatic: 2>), work_done_token=None, partial_result_token=None)
Traceback (most recent call last):
  File "/home/lukkotemplar/.vscode-oss/extensions/ms-python.python-2026.0.0-universal/python_files/lib/jedilsp/pygls/protocol/json_rpc.py", line 266, in _handle_request
    self._execute_request(msg_id, handler, params)
    ~~~~~~~~~~~~~~~~~~~~~^^^^^^^^^^^^^^^^^^^^^^^^^
  File "/home/lukkotemplar/.vscode-oss/extensions/ms-python.python-2026.0.0-universal/python_files/lib/jedilsp/pygls/protocol/json_rpc.py", line 188, in _execute_request
    self._send_response(msg_id, handler(params))
                                ~~~~~~~^^^^^^^^
  File "/home/lukkotemplar/.vscode-oss/extensions/ms-python.python-2026.0.0-universal/python_files/lib/jedilsp/jedi_language_server/notebook_utils.py", line 373, in wrapped
    result = f(notebook_server, notebook_params)
  File "/home/lukkotemplar/.vscode-oss/extensions/ms-python.python-2026.0.0-universal/python_files/lib/jedilsp/jedi_language_server/server.py", line 693, in code_action
    extract_variable_refactoring = jedi_script.extract_variable(
        new_name=extract_var, **jedi_lines_extract
    )
  File "/home/lukkotemplar/.vscode-oss/extensions/ms-python.python-2026.0.0-universal/python_files/lib/jedilsp/jedi/api/helpers.py", line 487, in wrapper
    return func(self, line, column, *args, **kwargs)
  File "/home/lukkotemplar/.vscode-oss/extensions/ms-python.python-2026.0.0-universal/python_files/lib/jedilsp/jedi/api/__init__.py", line 628, in extract_variable
    return extract_variable(
        self._inference_state, self.path, self._module_node,
        new_name, (line, column), until_pos
    )
  File "/home/lukkotemplar/.vscode-oss/extensions/ms-python.python-2026.0.0-universal/python_files/lib/jedilsp/jedi/api/refactoring/extract.py", line 19, in extract_variable
    nodes = _find_nodes(module_node, pos, until_pos)
  File "/home/lukkotemplar/.vscode-oss/extensions/ms-python.python-2026.0.0-universal/python_files/lib/jedilsp/jedi/api/refactoring/extract.py", line 87, in _find_nodes
    nodes = _remove_unwanted_expression_nodes(parent_node, pos, until_pos)
  File "/home/lukkotemplar/.vscode-oss/extensions/ms-python.python-2026.0.0-universal/python_files/lib/jedilsp/jedi/api/refactoring/extract.py", line 198, in _remove_unwanted_expression_nodes
    nodes[0:1] = _remove_unwanted_expression_nodes(nodes[0], pos, until_pos)
                 ~~~~~~~~~~~~~~~~~~~~~~~~~~~~~~~~~^^^^^^^^^^^^^^^^^^^^^^^^^^
  File "/home/lukkotemplar/.vscode-oss/extensions/ms-python.python-2026.0.0-universal/python_files/lib/jedilsp/jedi/api/refactoring/extract.py", line 196, in _remove_unwanted_expression_nodes
    nodes = nodes[start_index:end_index + 1]
                  ^^^^^^^^^^^
UnboundLocalError: cannot access local variable 'start_index' where it is not associated with a value

2026-01-23 15:22:26.461 [info] [Error - 15:22:26] Request textDocument/codeAction failed.
2026-01-23 15:22:26.461 [info]   Message: UnboundLocalError: cannot access local variable 'start_index' where it is not associated with a value
  Code: -32603 
[object Object]
2026-01-23 15:22:32.129 [info] WARNING:pygls.protocol.json_rpc:Cancel notification for unknown message id "3391"

2026-01-23 15:22:32.250 [info] WARNING:pygls.protocol.json_rpc:Cancel notification for unknown message id "3392"

2026-01-23 15:22:32.618 [info] WARNING:pygls.protocol.json_rpc:Cancel notification for unknown message id "3394"

2026-01-23 15:22:32.618 [info] WARNING:pygls.protocol.json_rpc:Cancel notification for unknown message id "3393"

2026-01-23 15:22:32.819 [info] WARNING:pygls.protocol.json_rpc:Cancel notification for unknown message id "3396"

2026-01-23 15:22:33.383 [info] WARNING:pygls.protocol.json_rpc:Cancel notification for unknown message id "3397"

2026-01-23 15:22:33.383 [info] WARNING:pygls.protocol.json_rpc:Cancel notification for unknown message id "3399"

2026-01-23 15:22:33.384 [info] WARNING:pygls.protocol.json_rpc:Cancel notification for unknown message id "3398"

2026-01-23 15:22:33.386 [info] WARNING:pygls.protocol.json_rpc:Cancel notification for unknown message id "3400"

2026-01-23 15:22:34.094 [info] WARNING:pygls.protocol.json_rpc:Cancel notification for unknown message id "3402"

2026-01-23 15:22:34.095 [info] WARNING:pygls.protocol.json_rpc:Cancel notification for unknown message id "3403"

2026-01-23 15:22:38.325 [info] WARNING:pygls.protocol.json_rpc:Cancel notification for unknown message id "3405"

2026-01-23 15:22:38.325 [info] WARNING:pygls.protocol.json_rpc:Cancel notification for unknown message id "3406"

2026-01-23 15:22:38.459 [info] WARNING:pygls.protocol.json_rpc:Cancel notification for unknown message id "3408"

2026-01-23 15:22:38.600 [info] WARNING:pygls.protocol.json_rpc:Cancel notification for unknown message id "3407"

2026-01-23 15:22:38.716 [info] WARNING:pygls.protocol.json_rpc:Cancel notification for unknown message id "3410"

2026-01-23 15:22:38.720 [info] WARNING:pygls.protocol.json_rpc:Cancel notification for unknown message id "3411"

2026-01-23 15:23:04.145 [info] WARNING:pygls.protocol.json_rpc:Cancel notification for unknown message id "3437"

2026-01-23 15:23:06.446 [info] WARNING:pygls.protocol.json_rpc:Cancel notification for unknown message id "3446"

2026-01-23 15:23:08.464 [info] WARNING:pygls.protocol.json_rpc:Cancel notification for unknown message id "3453"

2026-01-23 15:23:08.483 [info] WARNING:pygls.protocol.json_rpc:Cancel notification for unknown message id "3454"

2026-01-23 15:23:11.887 [info] WARNING:pygls.protocol.json_rpc:Cancel notification for unknown message id "3466"

2026-01-23 15:23:21.017 [info] WARNING:pygls.protocol.json_rpc:Cancel notification for unknown message id "3476"

2026-01-23 15:23:21.126 [info] WARNING:pygls.protocol.json_rpc:Cancel notification for unknown message id "3478"

2026-01-23 15:23:21.131 [info] WARNING:pygls.protocol.json_rpc:Cancel notification for unknown message id "3479"

2026-01-23 15:23:21.929 [info] WARNING:pygls.protocol.json_rpc:Cancel notification for unknown message id "3481"

2026-01-23 15:23:21.930 [info] WARNING:pygls.protocol.json_rpc:Cancel notification for unknown message id "3482"

2026-01-23 15:23:26.002 [info] WARNING:pygls.protocol.json_rpc:Cancel notification for unknown message id "3483"

2026-01-23 15:23:26.003 [info] WARNING:pygls.protocol.json_rpc:Cancel notification for unknown message id "3484"

2026-01-23 15:23:26.038 [info] WARNING:pygls.protocol.json_rpc:Cancel notification for unknown message id "3486"

2026-01-23 15:23:26.168 [info] WARNING:pygls.protocol.json_rpc:Cancel notification for unknown message id "3487"

2026-01-23 15:23:26.168 [info] WARNING:pygls.protocol.json_rpc:Cancel notification for unknown message id "3485"

2026-01-23 15:23:26.285 [info] WARNING:pygls.protocol.json_rpc:Cancel notification for unknown message id "3488"

2026-01-23 15:23:26.285 [info] WARNING:pygls.protocol.json_rpc:Cancel notification for unknown message id "3489"

2026-01-23 15:23:26.286 [info] WARNING:pygls.protocol.json_rpc:Cancel notification for unknown message id "3490"

2026-01-23 15:23:26.287 [info] WARNING:pygls.protocol.json_rpc:Cancel notification for unknown message id "3492"

2026-01-23 15:23:26.290 [info] WARNING:pygls.protocol.json_rpc:Cancel notification for unknown message id "3493"

2026-01-23 15:23:26.295 [info] WARNING:pygls.protocol.json_rpc:Cancel notification for unknown message id "3494"

2026-01-23 15:23:26.296 [info] WARNING:pygls.protocol.json_rpc:Cancel notification for unknown message id "3497"

2026-01-23 15:23:26.296 [info] WARNING:pygls.protocol.json_rpc:Cancel notification for unknown message id "3495"

2026-01-23 15:23:26.297 [info] WARNING:pygls.protocol.json_rpc:Cancel notification for unknown message id "3491"

2026-01-23 15:23:26.297 [info] WARNING:pygls.protocol.json_rpc:Cancel notification for unknown message id "3496"

2026-01-23 15:23:41.106 [info] WARNING:pygls.protocol.json_rpc:Cancel notification for unknown message id "3538"

2026-01-23 15:23:58.234 [info] WARNING:pygls.protocol.json_rpc:Cancel notification for unknown message id "3563"

2026-01-23 15:23:58.656 [info] WARNING:pygls.protocol.json_rpc:Cancel notification for unknown message id "3566"

2026-01-23 15:24:07.545 [info] WARNING:pygls.protocol.json_rpc:Cancel notification for unknown message id "3578"

2026-01-23 15:24:27.693 [info] WARNING:pygls.protocol.json_rpc:Cancel notification for unknown message id "3601"

2026-01-23 15:24:33.193 [info] WARNING:pygls.protocol.json_rpc:Cancel notification for unknown message id "3622"

2026-01-23 15:24:33.193 [info] WARNING:pygls.protocol.json_rpc:Cancel notification for unknown message id "3623"

2026-01-23 15:24:33.200 [info] WARNING:pygls.protocol.json_rpc:Cancel notification for unknown message id "3624"

2026-01-23 15:24:33.215 [info] WARNING:pygls.protocol.json_rpc:Cancel notification for unknown message id "3626"

2026-01-23 15:24:33.220 [info] WARNING:pygls.protocol.json_rpc:Cancel notification for unknown message id "3627"

2026-01-23 15:24:33.220 [info] WARNING:pygls.protocol.json_rpc:Cancel notification for unknown message id "3628"

2026-01-23 15:24:33.235 [info] WARNING:pygls.protocol.json_rpc:Cancel notification for unknown message id "3625"

2026-01-23 15:24:33.236 [info] WARNING:pygls.protocol.json_rpc:Cancel notification for unknown message id "3629"

2026-01-23 15:24:33.384 [info] WARNING:pygls.protocol.json_rpc:Cancel notification for unknown message id "3632"

2026-01-23 15:24:48.729 [info] WARNING:pygls.protocol.json_rpc:Cancel notification for unknown message id "3654"

2026-01-23 15:28:01.991 [info] WARNING:pygls.protocol.json_rpc:Cancel notification for unknown message id "3687"

2026-01-23 15:28:01.992 [info] WARNING:pygls.protocol.json_rpc:Cancel notification for unknown message id "3688"

2026-01-23 15:28:04.922 [info] WARNING:pygls.protocol.json_rpc:Cancel notification for unknown message id "3697"

2026-01-23 15:28:05.172 [info] WARNING:pygls.protocol.json_rpc:Cancel notification for unknown message id "3698"

2026-01-23 15:28:06.831 [info] WARNING:pygls.protocol.json_rpc:Cancel notification for unknown message id "3702"

2026-01-23 15:28:29.990 [info] WARNING:pygls.protocol.json_rpc:Cancel notification for unknown message id "3750"

2026-01-23 15:29:03.232 [info] WARNING:pygls.protocol.json_rpc:Cancel notification for unknown message id "3785"

2026-01-23 15:29:03.235 [info] WARNING:pygls.protocol.json_rpc:Cancel notification for unknown message id "3786"

2026-01-23 15:29:13.380 [info] WARNING:pygls.protocol.json_rpc:Cancel notification for unknown message id "3809"

2026-01-23 15:29:13.382 [info] WARNING:pygls.protocol.json_rpc:Cancel notification for unknown message id "3810"

2026-01-23 15:29:13.924 [info] WARNING:pygls.protocol.json_rpc:Cancel notification for unknown message id "3811"

2026-01-23 15:29:13.925 [info] WARNING:pygls.protocol.json_rpc:Cancel notification for unknown message id "3812"

2026-01-23 15:29:13.930 [info] WARNING:pygls.protocol.json_rpc:Cancel notification for unknown message id "3814"

2026-01-23 15:29:13.930 [info] WARNING:pygls.protocol.json_rpc:Cancel notification for unknown message id "3813"

2026-01-23 15:30:02.491 [info] WARNING:pygls.protocol.json_rpc:Cancel notification for unknown message id "3822"

2026-01-23 15:30:03.076 [info] WARNING:pygls.protocol.json_rpc:Cancel notification for unknown message id "3823"

2026-01-23 15:30:09.136 [info] WARNING:pygls.protocol.json_rpc:Cancel notification for unknown message id "3827"

2026-01-23 15:30:39.623 [info] WARNING:pygls.protocol.json_rpc:Cancel notification for unknown message id "3836"

2026-01-23 15:30:40.973 [info] WARNING:pygls.protocol.json_rpc:Cancel notification for unknown message id "3837"

2026-01-23 15:30:48.744 [info] WARNING:pygls.protocol.json_rpc:Cancel notification for unknown message id "3847"

2026-01-23 15:31:09.040 [info] WARNING:pygls.protocol.json_rpc:Cancel notification for unknown message id "3867"

2026-01-23 15:31:09.041 [info] WARNING:pygls.protocol.json_rpc:Cancel notification for unknown message id "3868"

2026-01-23 15:31:10.171 [info] WARNING:pygls.protocol.json_rpc:Cancel notification for unknown message id "3875"

2026-01-23 15:31:10.171 [info] WARNING:pygls.protocol.json_rpc:Cancel notification for unknown message id "3876"

2026-01-23 15:31:11.706 [info] WARNING:pygls.protocol.json_rpc:Cancel notification for unknown message id "3882"

2026-01-23 15:31:11.707 [info] WARNING:pygls.protocol.json_rpc:Cancel notification for unknown message id "3883"

2026-01-23 15:31:36.131 [info] WARNING:pygls.protocol.json_rpc:Cancel notification for unknown message id "3934"

2026-01-23 15:31:36.135 [info] WARNING:pygls.protocol.json_rpc:Cancel notification for unknown message id "3935"

2026-01-23 15:31:37.290 [info] WARNING:pygls.protocol.json_rpc:Cancel notification for unknown message id "3936"

2026-01-23 15:31:37.291 [info] WARNING:pygls.protocol.json_rpc:Cancel notification for unknown message id "3938"

2026-01-23 15:31:37.291 [info] WARNING:pygls.protocol.json_rpc:Cancel notification for unknown message id "3937"

2026-01-23 15:31:38.242 [info] WARNING:pygls.protocol.json_rpc:Cancel notification for unknown message id "3945"

2026-01-23 15:32:27.500 [info] WARNING:pygls.protocol.json_rpc:Cancel notification for unknown message id "4017"

2026-01-23 15:32:27.501 [info] WARNING:pygls.protocol.json_rpc:Cancel notification for unknown message id "4018"

2026-01-23 15:32:40.085 [info] WARNING:pygls.protocol.json_rpc:Cancel notification for unknown message id "4045"

2026-01-23 15:33:26.310 [info] ERROR:pygls.protocol.json_rpc:Failed to handle request 4083 textDocument/codeAction CodeActionParams(text_document=TextDocumentIdentifier(uri='file:///home/lukkotemplar/Documents/Personal/Python/solution.py'), range=6:42-6:42, context=CodeActionContext(diagnostics=[], only=None, trigger_kind=<CodeActionTriggerKind.Automatic: 2>), work_done_token=None, partial_result_token=None)
Traceback (most recent call last):
  File "/home/lukkotemplar/.vscode-oss/extensions/ms-python.python-2026.0.0-universal/python_files/lib/jedilsp/pygls/protocol/json_rpc.py", line 266, in _handle_request
    self._execute_request(msg_id, handler, params)
    ~~~~~~~~~~~~~~~~~~~~~^^^^^^^^^^^^^^^^^^^^^^^^^
  File "/home/lukkotemplar/.vscode-oss/extensions/ms-python.python-2026.0.0-universal/python_files/lib/jedilsp/pygls/protocol/json_rpc.py", line 188, in _execute_request
    self._send_response(msg_id, handler(params))
                                ~~~~~~~^^^^^^^^
  File "/home/lukkotemplar/.vscode-oss/extensions/ms-python.python-2026.0.0-universal/python_files/lib/jedilsp/jedi_language_server/notebook_utils.py", line 373, in wrapped
    result = f(notebook_server, notebook_params)
  File "/home/lukkotemplar/.vscode-oss/extensions/ms-python.python-2026.0.0-universal/python_files/lib/jedilsp/jedi_language_server/server.py", line 693, in code_action
    extract_variable_refactoring = jedi_script.extract_variable(
        new_name=extract_var, **jedi_lines_extract
    )
  File "/home/lukkotemplar/.vscode-oss/extensions/ms-python.python-2026.0.0-universal/python_files/lib/jedilsp/jedi/api/helpers.py", line 487, in wrapper
    return func(self, line, column, *args, **kwargs)
  File "/home/lukkotemplar/.vscode-oss/extensions/ms-python.python-2026.0.0-universal/python_files/lib/jedilsp/jedi/api/__init__.py", line 628, in extract_variable
    return extract_variable(
        self._inference_state, self.path, self._module_node,
        new_name, (line, column), until_pos
    )
  File "/home/lukkotemplar/.vscode-oss/extensions/ms-python.python-2026.0.0-universal/python_files/lib/jedilsp/jedi/api/refactoring/extract.py", line 19, in extract_variable
    nodes = _find_nodes(module_node, pos, until_pos)
  File "/home/lukkotemplar/.vscode-oss/extensions/ms-python.python-2026.0.0-universal/python_files/lib/jedilsp/jedi/api/refactoring/extract.py", line 87, in _find_nodes
    nodes = _remove_unwanted_expression_nodes(parent_node, pos, until_pos)
  File "/home/lukkotemplar/.vscode-oss/extensions/ms-python.python-2026.0.0-universal/python_files/lib/jedilsp/jedi/api/refactoring/extract.py", line 198, in _remove_unwanted_expression_nodes
    nodes[0:1] = _remove_unwanted_expression_nodes(nodes[0], pos, until_pos)
                 ~~~~~~~~~~~~~~~~~~~~~~~~~~~~~~~~~^^^^^^^^^^^^^^^^^^^^^^^^^^
  File "/home/lukkotemplar/.vscode-oss/extensions/ms-python.python-2026.0.0-universal/python_files/lib/jedilsp/jedi/api/refactoring/extract.py", line 196, in _remove_unwanted_expression_nodes
    nodes = nodes[start_index:end_index + 1]
                  ^^^^^^^^^^^
UnboundLocalError: cannot access local variable 'start_index' where it is not associated with a value

2026-01-23 15:33:26.312 [info] [Error - 15:33:26] Request textDocument/codeAction failed.
2026-01-23 15:33:26.312 [info]   Message: UnboundLocalError: cannot access local variable 'start_index' where it is not associated with a value
  Code: -32603 
[object Object]
2026-01-23 15:33:31.968 [info] ERROR:pygls.protocol.json_rpc:Failed to handle request 4091 textDocument/codeAction CodeActionParams(text_document=TextDocumentIdentifier(uri='file:///home/lukkotemplar/Documents/Personal/Python/solution.py'), range=6:42-6:42, context=CodeActionContext(diagnostics=[], only=None, trigger_kind=<CodeActionTriggerKind.Automatic: 2>), work_done_token=None, partial_result_token=None)
Traceback (most recent call last):
  File "/home/lukkotemplar/.vscode-oss/extensions/ms-python.python-2026.0.0-universal/python_files/lib/jedilsp/pygls/protocol/json_rpc.py", line 266, in _handle_request
    self._execute_request(msg_id, handler, params)
    ~~~~~~~~~~~~~~~~~~~~~^^^^^^^^^^^^^^^^^^^^^^^^^
  File "/home/lukkotemplar/.vscode-oss/extensions/ms-python.python-2026.0.0-universal/python_files/lib/jedilsp/pygls/protocol/json_rpc.py", line 188, in _execute_request
    self._send_response(msg_id, handler(params))
                                ~~~~~~~^^^^^^^^
  File "/home/lukkotemplar/.vscode-oss/extensions/ms-python.python-2026.0.0-universal/python_files/lib/jedilsp/jedi_language_server/notebook_utils.py", line 373, in wrapped
    result = f(notebook_server, notebook_params)
  File "/home/lukkotemplar/.vscode-oss/extensions/ms-python.python-2026.0.0-universal/python_files/lib/jedilsp/jedi_language_server/server.py", line 693, in code_action
    extract_variable_refactoring = jedi_script.extract_variable(
        new_name=extract_var, **jedi_lines_extract
    )
  File "/home/lukkotemplar/.vscode-oss/extensions/ms-python.python-2026.0.0-universal/python_files/lib/jedilsp/jedi/api/helpers.py", line 487, in wrapper
    return func(self, line, column, *args, **kwargs)
  File "/home/lukkotemplar/.vscode-oss/extensions/ms-python.python-2026.0.0-universal/python_files/lib/jedilsp/jedi/api/__init__.py", line 628, in extract_variable
    return extract_variable(
        self._inference_state, self.path, self._module_node,
        new_name, (line, column), until_pos
    )
  File "/home/lukkotemplar/.vscode-oss/extensions/ms-python.python-2026.0.0-universal/python_files/lib/jedilsp/jedi/api/refactoring/extract.py", line 19, in extract_variable
    nodes = _find_nodes(module_node, pos, until_pos)
  File "/home/lukkotemplar/.vscode-oss/extensions/ms-python.python-2026.0.0-universal/python_files/lib/jedilsp/jedi/api/refactoring/extract.py", line 87, in _find_nodes
    nodes = _remove_unwanted_expression_nodes(parent_node, pos, until_pos)
  File "/home/lukkotemplar/.vscode-oss/extensions/ms-python.python-2026.0.0-universal/python_files/lib/jedilsp/jedi/api/refactoring/extract.py", line 198, in _remove_unwanted_expression_nodes
    nodes[0:1] = _remove_unwanted_expression_nodes(nodes[0], pos, until_pos)
                 ~~~~~~~~~~~~~~~~~~~~~~~~~~~~~~~~~^^^^^^^^^^^^^^^^^^^^^^^^^^
  File "/home/lukkotemplar/.vscode-oss/extensions/ms-python.python-2026.0.0-universal/python_files/lib/jedilsp/jedi/api/refactoring/extract.py", line 196, in _remove_unwanted_expression_nodes
    nodes = nodes[start_index:end_index + 1]
                  ^^^^^^^^^^^
UnboundLocalError: cannot access local variable 'start_index' where it is not associated with a value

2026-01-23 15:33:31.972 [info] [Error - 15:33:31] Request textDocument/codeAction failed.
2026-01-23 15:33:32.006 [info]   Message: UnboundLocalError: cannot access local variable 'start_index' where it is not associated with a value
  Code: -32603 
[object Object]
2026-01-23 15:33:54.910 [info] WARNING:pygls.protocol.json_rpc:Cancel notification for unknown message id "4125"

2026-01-23 15:34:21.240 [info] WARNING:pygls.protocol.json_rpc:Cancel notification for unknown message id "4178"

2026-01-23 15:34:27.573 [info] ERROR:pygls.protocol.json_rpc:Failed to handle request 4194 textDocument/codeAction CodeActionParams(text_document=TextDocumentIdentifier(uri='file:///home/lukkotemplar/Documents/Personal/Python/solution.py'), range=4:19-4:19, context=CodeActionContext(diagnostics=[Diagnostic(range=4:0-4:27, message="SyntaxError: closing parenthesis ')' does not match opening parenthesis '[' (solution.py, line 5)", severity=<DiagnosticSeverity.Error: 1>, code=None, code_description=None, source='compile', tags=None, related_information=None, data=None)], only=None, trigger_kind=<CodeActionTriggerKind.Automatic: 2>), work_done_token=None, partial_result_token=None)
Traceback (most recent call last):
  File "/home/lukkotemplar/.vscode-oss/extensions/ms-python.python-2026.0.0-universal/python_files/lib/jedilsp/pygls/protocol/json_rpc.py", line 266, in _handle_request
    self._execute_request(msg_id, handler, params)
    ~~~~~~~~~~~~~~~~~~~~~^^^^^^^^^^^^^^^^^^^^^^^^^
  File "/home/lukkotemplar/.vscode-oss/extensions/ms-python.python-2026.0.0-universal/python_files/lib/jedilsp/pygls/protocol/json_rpc.py", line 188, in _execute_request
    self._send_response(msg_id, handler(params))
                                ~~~~~~~^^^^^^^^
  File "/home/lukkotemplar/.vscode-oss/extensions/ms-python.python-2026.0.0-universal/python_files/lib/jedilsp/jedi_language_server/notebook_utils.py", line 373, in wrapped
    result = f(notebook_server, notebook_params)
  File "/home/lukkotemplar/.vscode-oss/extensions/ms-python.python-2026.0.0-universal/python_files/lib/jedilsp/jedi_language_server/server.py", line 693, in code_action
    extract_variable_refactoring = jedi_script.extract_variable(
        new_name=extract_var, **jedi_lines_extract
    )
  File "/home/lukkotemplar/.vscode-oss/extensions/ms-python.python-2026.0.0-universal/python_files/lib/jedilsp/jedi/api/helpers.py", line 487, in wrapper
    return func(self, line, column, *args, **kwargs)
  File "/home/lukkotemplar/.vscode-oss/extensions/ms-python.python-2026.0.0-universal/python_files/lib/jedilsp/jedi/api/__init__.py", line 628, in extract_variable
    return extract_variable(
        self._inference_state, self.path, self._module_node,
        new_name, (line, column), until_pos
    )
  File "/home/lukkotemplar/.vscode-oss/extensions/ms-python.python-2026.0.0-universal/python_files/lib/jedilsp/jedi/api/refactoring/extract.py", line 19, in extract_variable
    nodes = _find_nodes(module_node, pos, until_pos)
  File "/home/lukkotemplar/.vscode-oss/extensions/ms-python.python-2026.0.0-universal/python_files/lib/jedilsp/jedi/api/refactoring/extract.py", line 87, in _find_nodes
    nodes = _remove_unwanted_expression_nodes(parent_node, pos, until_pos)
  File "/home/lukkotemplar/.vscode-oss/extensions/ms-python.python-2026.0.0-universal/python_files/lib/jedilsp/jedi/api/refactoring/extract.py", line 198, in _remove_unwanted_expression_nodes
    nodes[0:1] = _remove_unwanted_expression_nodes(nodes[0], pos, until_pos)
                 ~~~~~~~~~~~~~~~~~~~~~~~~~~~~~~~~~^^^^^^^^^^^^^^^^^^^^^^^^^^
  File "/home/lukkotemplar/.vscode-oss/extensions/ms-python.python-2026.0.0-universal/python_files/lib/jedilsp/jedi/api/refactoring/extract.py", line 196, in _remove_unwanted_expression_nodes
    nodes = nodes[start_index:end_index + 1]
                  ^^^^^^^^^^^
UnboundLocalError: cannot access local variable 'start_index' where it is not associated with a value

2026-01-23 15:34:27.574 [info] [Error - 15:34:27] Request textDocument/codeAction failed.
2026-01-23 15:34:27.574 [info]   Message: UnboundLocalError: cannot access local variable 'start_index' where it is not associated with a value
  Code: -32603 
[object Object]
2026-01-23 15:34:28.576 [info] ERROR:pygls.protocol.json_rpc:Failed to handle request 4196 textDocument/codeAction CodeActionParams(text_document=TextDocumentIdentifier(uri='file:///home/lukkotemplar/Documents/Personal/Python/solution.py'), range=4:19-4:19, context=CodeActionContext(diagnostics=[], only=None, trigger_kind=<CodeActionTriggerKind.Automatic: 2>), work_done_token=None, partial_result_token=None)
Traceback (most recent call last):
  File "/home/lukkotemplar/.vscode-oss/extensions/ms-python.python-2026.0.0-universal/python_files/lib/jedilsp/pygls/protocol/json_rpc.py", line 266, in _handle_request
    self._execute_request(msg_id, handler, params)
    ~~~~~~~~~~~~~~~~~~~~~^^^^^^^^^^^^^^^^^^^^^^^^^
  File "/home/lukkotemplar/.vscode-oss/extensions/ms-python.python-2026.0.0-universal/python_files/lib/jedilsp/pygls/protocol/json_rpc.py", line 188, in _execute_request
    self._send_response(msg_id, handler(params))
                                ~~~~~~~^^^^^^^^
  File "/home/lukkotemplar/.vscode-oss/extensions/ms-python.python-2026.0.0-universal/python_files/lib/jedilsp/jedi_language_server/notebook_utils.py", line 373, in wrapped
    result = f(notebook_server, notebook_params)
  File "/home/lukkotemplar/.vscode-oss/extensions/ms-python.python-2026.0.0-universal/python_files/lib/jedilsp/jedi_language_server/server.py", line 693, in code_action
    extract_variable_refactoring = jedi_script.extract_variable(
        new_name=extract_var, **jedi_lines_extract
    )
  File "/home/lukkotemplar/.vscode-oss/extensions/ms-python.python-2026.0.0-universal/python_files/lib/jedilsp/jedi/api/helpers.py", line 487, in wrapper
    return func(self, line, column, *args, **kwargs)
  File "/home/lukkotemplar/.vscode-oss/extensions/ms-python.python-2026.0.0-universal/python_files/lib/jedilsp/jedi/api/__init__.py", line 628, in extract_variable
    return extract_variable(
        self._inference_state, self.path, self._module_node,
        new_name, (line, column), until_pos
    )
  File "/home/lukkotemplar/.vscode-oss/extensions/ms-python.python-2026.0.0-universal/python_files/lib/jedilsp/jedi/api/refactoring/extract.py", line 19, in extract_variable
    nodes = _find_nodes(module_node, pos, until_pos)
  File "/home/lukkotemplar/.vscode-oss/extensions/ms-python.python-2026.0.0-universal/python_files/lib/jedilsp/jedi/api/refactoring/extract.py", line 87, in _find_nodes
    nodes = _remove_unwanted_expression_nodes(parent_node, pos, until_pos)
  File "/home/lukkotemplar/.vscode-oss/extensions/ms-python.python-2026.0.0-universal/python_files/lib/jedilsp/jedi/api/refactoring/extract.py", line 198, in _remove_unwanted_expression_nodes
    nodes[0:1] = _remove_unwanted_expression_nodes(nodes[0], pos, until_pos)
                 ~~~~~~~~~~~~~~~~~~~~~~~~~~~~~~~~~^^^^^^^^^^^^^^^^^^^^^^^^^^
  File "/home/lukkotemplar/.vscode-oss/extensions/ms-python.python-2026.0.0-universal/python_files/lib/jedilsp/jedi/api/refactoring/extract.py", line 196, in _remove_unwanted_expression_nodes
    nodes = nodes[start_index:end_index + 1]
                  ^^^^^^^^^^^
UnboundLocalError: cannot access local variable 'start_index' where it is not associated with a value

2026-01-23 15:34:28.580 [info] [Error - 15:34:28] Request textDocument/codeAction failed.
2026-01-23 15:34:28.580 [info]   Message: UnboundLocalError: cannot access local variable 'start_index' where it is not associated with a value
  Code: -32603 
[object Object]
2026-01-23 15:34:39.716 [info] WARNING:pygls.protocol.json_rpc:Cancel notification for unknown message id "4233"

2026-01-23 15:34:39.719 [info] WARNING:pygls.protocol.json_rpc:Cancel notification for unknown message id "4234"

2026-01-23 15:34:39.726 [info] WARNING:pygls.protocol.json_rpc:Cancel notification for unknown message id "4235"

2026-01-23 15:34:42.648 [info] WARNING:pygls.protocol.json_rpc:Cancel notification for unknown message id "4250"

2026-01-23 15:36:18.271 [info] WARNING:pygls.protocol.json_rpc:Cancel notification for unknown message id "4307"

2026-01-23 15:36:20.106 [info] WARNING:pygls.protocol.json_rpc:Cancel notification for unknown message id "4311"

2026-01-23 15:36:20.117 [info] WARNING:pygls.protocol.json_rpc:Cancel notification for unknown message id "4313"

2026-01-23 15:36:41.696 [info] WARNING:pygls.protocol.json_rpc:Cancel notification for unknown message id "4336"

2026-01-23 15:36:42.121 [info] WARNING:pygls.protocol.json_rpc:Cancel notification for unknown message id "4337"

2026-01-23 15:38:56.035 [info] WARNING:pygls.protocol.json_rpc:Cancel notification for unknown message id "4396"

2026-01-23 15:39:36.321 [info] WARNING:pygls.protocol.json_rpc:Cancel notification for unknown message id "4442"

2026-01-23 15:39:38.435 [info] ERROR:pygls.protocol.json_rpc:Failed to handle request 4446 textDocument/codeAction CodeActionParams(text_document=TextDocumentIdentifier(uri='file:///home/lukkotemplar/Documents/Personal/Python/solution.py'), range=5:20-5:20, context=CodeActionContext(diagnostics=[], only=None, trigger_kind=<CodeActionTriggerKind.Automatic: 2>), work_done_token=None, partial_result_token=None)
Traceback (most recent call last):
  File "/home/lukkotemplar/.vscode-oss/extensions/ms-python.python-2026.0.0-universal/python_files/lib/jedilsp/pygls/protocol/json_rpc.py", line 266, in _handle_request
    self._execute_request(msg_id, handler, params)
    ~~~~~~~~~~~~~~~~~~~~~^^^^^^^^^^^^^^^^^^^^^^^^^
  File "/home/lukkotemplar/.vscode-oss/extensions/ms-python.python-2026.0.0-universal/python_files/lib/jedilsp/pygls/protocol/json_rpc.py", line 188, in _execute_request
    self._send_response(msg_id, handler(params))
                                ~~~~~~~^^^^^^^^
  File "/home/lukkotemplar/.vscode-oss/extensions/ms-python.python-2026.0.0-universal/python_files/lib/jedilsp/jedi_language_server/notebook_utils.py", line 373, in wrapped
    result = f(notebook_server, notebook_params)
  File "/home/lukkotemplar/.vscode-oss/extensions/ms-python.python-2026.0.0-universal/python_files/lib/jedilsp/jedi_language_server/server.py", line 693, in code_action
    extract_variable_refactoring = jedi_script.extract_variable(
        new_name=extract_var, **jedi_lines_extract
    )
  File "/home/lukkotemplar/.vscode-oss/extensions/ms-python.python-2026.0.0-universal/python_files/lib/jedilsp/jedi/api/helpers.py", line 487, in wrapper
    return func(self, line, column, *args, **kwargs)
  File "/home/lukkotemplar/.vscode-oss/extensions/ms-python.python-2026.0.0-universal/python_files/lib/jedilsp/jedi/api/__init__.py", line 628, in extract_variable
    return extract_variable(
        self._inference_state, self.path, self._module_node,
        new_name, (line, column), until_pos
    )
  File "/home/lukkotemplar/.vscode-oss/extensions/ms-python.python-2026.0.0-universal/python_files/lib/jedilsp/jedi/api/refactoring/extract.py", line 19, in extract_variable
    nodes = _find_nodes(module_node, pos, until_pos)
  File "/home/lukkotemplar/.vscode-oss/extensions/ms-python.python-2026.0.0-universal/python_files/lib/jedilsp/jedi/api/refactoring/extract.py", line 87, in _find_nodes
    nodes = _remove_unwanted_expression_nodes(parent_node, pos, until_pos)
  File "/home/lukkotemplar/.vscode-oss/extensions/ms-python.python-2026.0.0-universal/python_files/lib/jedilsp/jedi/api/refactoring/extract.py", line 198, in _remove_unwanted_expression_nodes
    nodes[0:1] = _remove_unwanted_expression_nodes(nodes[0], pos, until_pos)
                 ~~~~~~~~~~~~~~~~~~~~~~~~~~~~~~~~~^^^^^^^^^^^^^^^^^^^^^^^^^^
  File "/home/lukkotemplar/.vscode-oss/extensions/ms-python.python-2026.0.0-universal/python_files/lib/jedilsp/jedi/api/refactoring/extract.py", line 196, in _remove_unwanted_expression_nodes
    nodes = nodes[start_index:end_index + 1]
                  ^^^^^^^^^^^
UnboundLocalError: cannot access local variable 'start_index' where it is not associated with a value

2026-01-23 15:39:38.438 [info] [Error - 15:39:38] Request textDocument/codeAction failed.
2026-01-23 15:39:38.440 [info]   Message: UnboundLocalError: cannot access local variable 'start_index' where it is not associated with a value
  Code: -32603 
[object Object]
2026-01-23 15:39:48.488 [info] WARNING:pygls.protocol.json_rpc:Cancel notification for unknown message id "4470"

2026-01-23 15:40:08.641 [info] WARNING:pygls.protocol.json_rpc:Cancel notification for unknown message id "4487"

2026-01-23 15:40:12.355 [info] WARNING:pygls.protocol.json_rpc:Cancel notification for unknown message id "4492"

2026-01-23 15:40:16.144 [info] WARNING:pygls.protocol.json_rpc:Cancel notification for unknown message id "4503"

2026-01-23 15:40:16.145 [info] WARNING:pygls.protocol.json_rpc:Cancel notification for unknown message id "4504"

2026-01-23 15:40:19.946 [info] WARNING:pygls.protocol.json_rpc:Cancel notification for unknown message id "4505"

2026-01-23 15:40:19.947 [info] WARNING:pygls.protocol.json_rpc:Cancel notification for unknown message id "4506"

2026-01-23 15:40:19.969 [info] WARNING:pygls.protocol.json_rpc:Cancel notification for unknown message id "4508"

2026-01-23 15:40:27.675 [info] WARNING:pygls.protocol.json_rpc:Cancel notification for unknown message id "4548"

2026-01-23 15:40:27.675 [info] WARNING:pygls.protocol.json_rpc:Cancel notification for unknown message id "4549"

2026-01-23 15:40:28.471 [info] WARNING:pygls.protocol.json_rpc:Cancel notification for unknown message id "4551"

2026-01-23 15:40:28.472 [info] WARNING:pygls.protocol.json_rpc:Cancel notification for unknown message id "4552"

2026-01-23 15:40:28.494 [info] WARNING:pygls.protocol.json_rpc:Cancel notification for unknown message id "4554"

2026-01-23 15:40:28.516 [info] WARNING:pygls.protocol.json_rpc:Cancel notification for unknown message id "4555"

2026-01-23 15:40:30.857 [info] WARNING:pygls.protocol.json_rpc:Cancel notification for unknown message id "4566"

2026-01-23 15:41:37.095 [info] WARNING:pygls.protocol.json_rpc:Cancel notification for unknown message id "4612"

2026-01-23 15:41:44.894 [info] WARNING:pygls.protocol.json_rpc:Cancel notification for unknown message id "4635"

2026-01-23 15:41:45.333 [info] WARNING:pygls.protocol.json_rpc:Cancel notification for unknown message id "4638"

2026-01-23 15:41:50.879 [info] WARNING:pygls.protocol.json_rpc:Cancel notification for unknown message id "4655"

2026-01-23 15:41:50.882 [info] WARNING:pygls.protocol.json_rpc:Cancel notification for unknown message id "4656"

2026-01-23 15:41:54.258 [info] WARNING:pygls.protocol.json_rpc:Cancel notification for unknown message id "4657"

2026-01-23 15:41:54.258 [info] WARNING:pygls.protocol.json_rpc:Cancel notification for unknown message id "4658"

2026-01-23 15:41:54.294 [info] WARNING:pygls.protocol.json_rpc:Cancel notification for unknown message id "4659"

2026-01-23 15:41:54.313 [info] WARNING:pygls.protocol.json_rpc:Cancel notification for unknown message id "4660"

2026-01-23 15:41:54.314 [info] WARNING:pygls.protocol.json_rpc:Cancel notification for unknown message id "4661"

2026-01-23 15:42:48.489 [info] WARNING:pygls.protocol.json_rpc:Cancel notification for unknown message id "4695"

2026-01-23 15:44:18.987 [info] ERROR:pygls.protocol.json_rpc:Failed to handle request 4745 textDocument/codeAction CodeActionParams(text_document=TextDocumentIdentifier(uri='file:///home/lukkotemplar/Documents/Personal/Python/solution.py'), range=7:27-7:27, context=CodeActionContext(diagnostics=[], only=None, trigger_kind=<CodeActionTriggerKind.Automatic: 2>), work_done_token=None, partial_result_token=None)
Traceback (most recent call last):
  File "/home/lukkotemplar/.vscode-oss/extensions/ms-python.python-2026.0.0-universal/python_files/lib/jedilsp/pygls/protocol/json_rpc.py", line 266, in _handle_request
    self._execute_request(msg_id, handler, params)
    ~~~~~~~~~~~~~~~~~~~~~^^^^^^^^^^^^^^^^^^^^^^^^^
  File "/home/lukkotemplar/.vscode-oss/extensions/ms-python.python-2026.0.0-universal/python_files/lib/jedilsp/pygls/protocol/json_rpc.py", line 188, in _execute_request
    self._send_response(msg_id, handler(params))
                                ~~~~~~~^^^^^^^^
  File "/home/lukkotemplar/.vscode-oss/extensions/ms-python.python-2026.0.0-universal/python_files/lib/jedilsp/jedi_language_server/notebook_utils.py", line 373, in wrapped
    result = f(notebook_server, notebook_params)
  File "/home/lukkotemplar/.vscode-oss/extensions/ms-python.python-2026.0.0-universal/python_files/lib/jedilsp/jedi_language_server/server.py", line 693, in code_action
    extract_variable_refactoring = jedi_script.extract_variable(
        new_name=extract_var, **jedi_lines_extract
    )
  File "/home/lukkotemplar/.vscode-oss/extensions/ms-python.python-2026.0.0-universal/python_files/lib/jedilsp/jedi/api/helpers.py", line 487, in wrapper
    return func(self, line, column, *args, **kwargs)
  File "/home/lukkotemplar/.vscode-oss/extensions/ms-python.python-2026.0.0-universal/python_files/lib/jedilsp/jedi/api/__init__.py", line 628, in extract_variable
    return extract_variable(
        self._inference_state, self.path, self._module_node,
        new_name, (line, column), until_pos
    )
  File "/home/lukkotemplar/.vscode-oss/extensions/ms-python.python-2026.0.0-universal/python_files/lib/jedilsp/jedi/api/refactoring/extract.py", line 19, in extract_variable
    nodes = _find_nodes(module_node, pos, until_pos)
  File "/home/lukkotemplar/.vscode-oss/extensions/ms-python.python-2026.0.0-universal/python_files/lib/jedilsp/jedi/api/refactoring/extract.py", line 87, in _find_nodes
    nodes = _remove_unwanted_expression_nodes(parent_node, pos, until_pos)
  File "/home/lukkotemplar/.vscode-oss/extensions/ms-python.python-2026.0.0-universal/python_files/lib/jedilsp/jedi/api/refactoring/extract.py", line 198, in _remove_unwanted_expression_nodes
    nodes[0:1] = _remove_unwanted_expression_nodes(nodes[0], pos, until_pos)
                 ~~~~~~~~~~~~~~~~~~~~~~~~~~~~~~~~~^^^^^^^^^^^^^^^^^^^^^^^^^^
  File "/home/lukkotemplar/.vscode-oss/extensions/ms-python.python-2026.0.0-universal/python_files/lib/jedilsp/jedi/api/refactoring/extract.py", line 196, in _remove_unwanted_expression_nodes
    nodes = nodes[start_index:end_index + 1]
                  ^^^^^^^^^^^
UnboundLocalError: cannot access local variable 'start_index' where it is not associated with a value

2026-01-23 15:44:18.990 [info] [Error - 15:44:18] Request textDocument/codeAction failed.
2026-01-23 15:44:18.990 [info]   Message: UnboundLocalError: cannot access local variable 'start_index' where it is not associated with a value
  Code: -32603 
[object Object]
2026-01-23 15:45:05.270 [info] ERROR:pygls.protocol.json_rpc:Failed to handle request 4757 textDocument/codeAction CodeActionParams(text_document=TextDocumentIdentifier(uri='file:///home/lukkotemplar/Documents/Personal/Python/solution.py'), range=6:26-6:26, context=CodeActionContext(diagnostics=[], only=None, trigger_kind=<CodeActionTriggerKind.Automatic: 2>), work_done_token=None, partial_result_token=None)
Traceback (most recent call last):
  File "/home/lukkotemplar/.vscode-oss/extensions/ms-python.python-2026.0.0-universal/python_files/lib/jedilsp/pygls/protocol/json_rpc.py", line 266, in _handle_request
    self._execute_request(msg_id, handler, params)
    ~~~~~~~~~~~~~~~~~~~~~^^^^^^^^^^^^^^^^^^^^^^^^^
  File "/home/lukkotemplar/.vscode-oss/extensions/ms-python.python-2026.0.0-universal/python_files/lib/jedilsp/pygls/protocol/json_rpc.py", line 188, in _execute_request
    self._send_response(msg_id, handler(params))
                                ~~~~~~~^^^^^^^^
  File "/home/lukkotemplar/.vscode-oss/extensions/ms-python.python-2026.0.0-universal/python_files/lib/jedilsp/jedi_language_server/notebook_utils.py", line 373, in wrapped
    result = f(notebook_server, notebook_params)
  File "/home/lukkotemplar/.vscode-oss/extensions/ms-python.python-2026.0.0-universal/python_files/lib/jedilsp/jedi_language_server/server.py", line 693, in code_action
    extract_variable_refactoring = jedi_script.extract_variable(
        new_name=extract_var, **jedi_lines_extract
    )
  File "/home/lukkotemplar/.vscode-oss/extensions/ms-python.python-2026.0.0-universal/python_files/lib/jedilsp/jedi/api/helpers.py", line 487, in wrapper
    return func(self, line, column, *args, **kwargs)
  File "/home/lukkotemplar/.vscode-oss/extensions/ms-python.python-2026.0.0-universal/python_files/lib/jedilsp/jedi/api/__init__.py", line 628, in extract_variable
    return extract_variable(
        self._inference_state, self.path, self._module_node,
        new_name, (line, column), until_pos
    )
  File "/home/lukkotemplar/.vscode-oss/extensions/ms-python.python-2026.0.0-universal/python_files/lib/jedilsp/jedi/api/refactoring/extract.py", line 19, in extract_variable
    nodes = _find_nodes(module_node, pos, until_pos)
  File "/home/lukkotemplar/.vscode-oss/extensions/ms-python.python-2026.0.0-universal/python_files/lib/jedilsp/jedi/api/refactoring/extract.py", line 87, in _find_nodes
    nodes = _remove_unwanted_expression_nodes(parent_node, pos, until_pos)
  File "/home/lukkotemplar/.vscode-oss/extensions/ms-python.python-2026.0.0-universal/python_files/lib/jedilsp/jedi/api/refactoring/extract.py", line 198, in _remove_unwanted_expression_nodes
    nodes[0:1] = _remove_unwanted_expression_nodes(nodes[0], pos, until_pos)
                 ~~~~~~~~~~~~~~~~~~~~~~~~~~~~~~~~~^^^^^^^^^^^^^^^^^^^^^^^^^^
  File "/home/lukkotemplar/.vscode-oss/extensions/ms-python.python-2026.0.0-universal/python_files/lib/jedilsp/jedi/api/refactoring/extract.py", line 196, in _remove_unwanted_expression_nodes
    nodes = nodes[start_index:end_index + 1]
                  ^^^^^^^^^^^
UnboundLocalError: cannot access local variable 'start_index' where it is not associated with a value

2026-01-23 15:45:05.273 [info] [Error - 15:45:05] Request textDocument/codeAction failed.
2026-01-23 15:45:05.273 [info]   Message: UnboundLocalError: cannot access local variable 'start_index' where it is not associated with a value
  Code: -32603 
[object Object]
2026-01-23 15:46:14.440 [info] WARNING:pygls.protocol.json_rpc:Cancel notification for unknown message id "4814"

2026-01-23 15:48:26.881 [info] WARNING:pygls.protocol.json_rpc:Cancel notification for unknown message id "4943"

2026-01-23 15:48:26.882 [info] WARNING:pygls.protocol.json_rpc:Cancel notification for unknown message id "4944"

2026-01-23 15:48:30.279 [info] WARNING:pygls.protocol.json_rpc:Cancel notification for unknown message id "4959"

2026-01-23 15:48:32.708 [info] WARNING:pygls.protocol.json_rpc:Cancel notification for unknown message id "4973"

2026-01-23 15:48:44.009 [info] WARNING:pygls.protocol.json_rpc:Cancel notification for unknown message id "4992"

2026-01-23 15:48:44.010 [info] WARNING:pygls.protocol.json_rpc:Cancel notification for unknown message id "4990"

2026-01-23 15:48:44.010 [info] WARNING:pygls.protocol.json_rpc:Cancel notification for unknown message id "4991"

2026-01-23 15:48:48.374 [info] WARNING:pygls.protocol.json_rpc:Cancel notification for unknown message id "4997"

2026-01-23 15:48:48.378 [info] WARNING:pygls.protocol.json_rpc:Cancel notification for unknown message id "4998"

2026-01-23 15:48:48.394 [info] WARNING:pygls.protocol.json_rpc:Cancel notification for unknown message id "5000"

2026-01-23 15:48:48.415 [info] WARNING:pygls.protocol.json_rpc:Cancel notification for unknown message id "4999"

2026-01-23 15:48:48.433 [info] WARNING:pygls.protocol.json_rpc:Cancel notification for unknown message id "5002"

2026-01-23 15:48:48.435 [info] WARNING:pygls.protocol.json_rpc:Cancel notification for unknown message id "5003"

2026-01-23 15:48:48.435 [info] WARNING:pygls.protocol.json_rpc:Cancel notification for unknown message id "5001"

2026-01-23 15:48:48.436 [info] WARNING:pygls.protocol.json_rpc:Cancel notification for unknown message id "5004"

2026-01-23 15:48:48.436 [info] WARNING:pygls.protocol.json_rpc:Cancel notification for unknown message id "5005"

2026-01-23 15:48:48.447 [info] WARNING:pygls.protocol.json_rpc:Cancel notification for unknown message id "5006"

2026-01-23 15:48:48.448 [info] WARNING:pygls.protocol.json_rpc:Cancel notification for unknown message id "5008"

2026-01-23 15:48:48.451 [info] WARNING:pygls.protocol.json_rpc:Cancel notification for unknown message id "5009"

2026-01-23 15:48:48.453 [info] WARNING:pygls.protocol.json_rpc:Cancel notification for unknown message id "5010"

2026-01-23 15:48:48.455 [info] WARNING:pygls.protocol.json_rpc:Cancel notification for unknown message id "5007"

2026-01-23 15:48:48.518 [info] WARNING:pygls.protocol.json_rpc:Cancel notification for unknown message id "5011"

2026-01-23 15:48:48.521 [info] WARNING:pygls.protocol.json_rpc:Cancel notification for unknown message id "5014"

2026-01-23 15:48:48.524 [info] WARNING:pygls.protocol.json_rpc:Cancel notification for unknown message id "5015"

2026-01-23 15:48:48.524 [info] WARNING:pygls.protocol.json_rpc:Cancel notification for unknown message id "5013"

2026-01-23 15:48:48.542 [info] WARNING:pygls.protocol.json_rpc:Cancel notification for unknown message id "5017"

2026-01-23 15:48:48.545 [info] WARNING:pygls.protocol.json_rpc:Cancel notification for unknown message id "5018"

2026-01-23 15:48:48.547 [info] WARNING:pygls.protocol.json_rpc:Cancel notification for unknown message id "5016"

2026-01-23 15:48:48.550 [info] WARNING:pygls.protocol.json_rpc:Cancel notification for unknown message id "5019"

2026-01-23 15:48:52.651 [info] WARNING:pygls.protocol.json_rpc:Cancel notification for unknown message id "5024"

2026-01-23 15:48:52.654 [info] WARNING:pygls.protocol.json_rpc:Cancel notification for unknown message id "5025"

2026-01-23 15:48:52.689 [info] WARNING:pygls.protocol.json_rpc:Cancel notification for unknown message id "5026"

2026-01-23 15:48:52.708 [info] WARNING:pygls.protocol.json_rpc:Cancel notification for unknown message id "5028"

2026-01-23 15:48:52.711 [info] WARNING:pygls.protocol.json_rpc:Cancel notification for unknown message id "5029"

2026-01-23 15:49:13.050 [info] WARNING:pygls.protocol.json_rpc:Cancel notification for unknown message id "5037"

2026-01-23 15:49:13.054 [info] WARNING:pygls.protocol.json_rpc:Cancel notification for unknown message id "5038"

2026-01-23 15:49:21.527 [info] WARNING:pygls.protocol.json_rpc:Cancel notification for unknown message id "5054"

2026-01-23 15:49:21.527 [info] WARNING:pygls.protocol.json_rpc:Cancel notification for unknown message id "5055"

2026-01-23 15:53:30.625 [info] ERROR:pygls.protocol.json_rpc:Failed to handle request 5135 textDocument/codeAction CodeActionParams(text_document=TextDocumentIdentifier(uri='file:///home/lukkotemplar/Documents/Personal/Python/solution.py'), range=6:20-6:20, context=CodeActionContext(diagnostics=[], only=None, trigger_kind=<CodeActionTriggerKind.Automatic: 2>), work_done_token=None, partial_result_token=None)
Traceback (most recent call last):
  File "/home/lukkotemplar/.vscode-oss/extensions/ms-python.python-2026.0.0-universal/python_files/lib/jedilsp/pygls/protocol/json_rpc.py", line 266, in _handle_request
    self._execute_request(msg_id, handler, params)
    ~~~~~~~~~~~~~~~~~~~~~^^^^^^^^^^^^^^^^^^^^^^^^^
  File "/home/lukkotemplar/.vscode-oss/extensions/ms-python.python-2026.0.0-universal/python_files/lib/jedilsp/pygls/protocol/json_rpc.py", line 188, in _execute_request
    self._send_response(msg_id, handler(params))
                                ~~~~~~~^^^^^^^^
  File "/home/lukkotemplar/.vscode-oss/extensions/ms-python.python-2026.0.0-universal/python_files/lib/jedilsp/jedi_language_server/notebook_utils.py", line 373, in wrapped
    result = f(notebook_server, notebook_params)
  File "/home/lukkotemplar/.vscode-oss/extensions/ms-python.python-2026.0.0-universal/python_files/lib/jedilsp/jedi_language_server/server.py", line 693, in code_action
    extract_variable_refactoring = jedi_script.extract_variable(
        new_name=extract_var, **jedi_lines_extract
    )
  File "/home/lukkotemplar/.vscode-oss/extensions/ms-python.python-2026.0.0-universal/python_files/lib/jedilsp/jedi/api/helpers.py", line 487, in wrapper
    return func(self, line, column, *args, **kwargs)
  File "/home/lukkotemplar/.vscode-oss/extensions/ms-python.python-2026.0.0-universal/python_files/lib/jedilsp/jedi/api/__init__.py", line 628, in extract_variable
    return extract_variable(
        self._inference_state, self.path, self._module_node,
        new_name, (line, column), until_pos
    )
  File "/home/lukkotemplar/.vscode-oss/extensions/ms-python.python-2026.0.0-universal/python_files/lib/jedilsp/jedi/api/refactoring/extract.py", line 19, in extract_variable
    nodes = _find_nodes(module_node, pos, until_pos)
  File "/home/lukkotemplar/.vscode-oss/extensions/ms-python.python-2026.0.0-universal/python_files/lib/jedilsp/jedi/api/refactoring/extract.py", line 87, in _find_nodes
    nodes = _remove_unwanted_expression_nodes(parent_node, pos, until_pos)
  File "/home/lukkotemplar/.vscode-oss/extensions/ms-python.python-2026.0.0-universal/python_files/lib/jedilsp/jedi/api/refactoring/extract.py", line 198, in _remove_unwanted_expression_nodes
    nodes[0:1] = _remove_unwanted_expression_nodes(nodes[0], pos, until_pos)
                 ~~~~~~~~~~~~~~~~~~~~~~~~~~~~~~~~~^^^^^^^^^^^^^^^^^^^^^^^^^^
  File "/home/lukkotemplar/.vscode-oss/extensions/ms-python.python-2026.0.0-universal/python_files/lib/jedilsp/jedi/api/refactoring/extract.py", line 196, in _remove_unwanted_expression_nodes
    nodes = nodes[start_index:end_index + 1]
                  ^^^^^^^^^^^
UnboundLocalError: cannot access local variable 'start_index' where it is not associated with a value

2026-01-23 15:53:30.627 [info] [Error - 15:53:30] Request textDocument/codeAction failed.
2026-01-23 15:53:30.627 [info]   Message: UnboundLocalError: cannot access local variable 'start_index' where it is not associated with a value
  Code: -32603 
[object Object]
2026-01-23 15:55:50.517 [info] WARNING:pygls.protocol.json_rpc:Cancel notification for unknown message id "5230"

2026-01-23 15:56:18.420 [info] WARNING:pygls.protocol.json_rpc:Cancel notification for unknown message id "5284"

2026-01-23 16:01:24.253 [info] WARNING:pygls.protocol.json_rpc:Cancel notification for unknown message id "5335"

2026-01-23 16:01:24.254 [info] WARNING:pygls.protocol.json_rpc:Cancel notification for unknown message id "5336"

2026-01-23 16:04:35.304 [info] WARNING:pygls.protocol.json_rpc:Cancel notification for unknown message id "5413"

2026-01-23 16:04:35.304 [info] WARNING:pygls.protocol.json_rpc:Cancel notification for unknown message id "5414"

2026-01-23 16:20:06.001 [info] WARNING:pygls.protocol.json_rpc:Cancel notification for unknown message id "5449"

2026-01-23 16:20:06.009 [info] WARNING:pygls.protocol.json_rpc:Cancel notification for unknown message id "5450"

2026-01-23 16:20:08.407 [info] WARNING:pygls.protocol.json_rpc:Cancel notification for unknown message id "5458"

2026-01-23 16:20:08.409 [info] WARNING:pygls.protocol.json_rpc:Cancel notification for unknown message id "5459"

2026-01-23 16:20:16.852 [info] WARNING:pygls.protocol.json_rpc:Cancel notification for unknown message id "5477"

2026-01-23 16:20:17.077 [info] WARNING:pygls.protocol.json_rpc:Cancel notification for unknown message id "5482"

2026-01-23 16:20:17.888 [info] WARNING:pygls.protocol.json_rpc:Cancel notification for unknown message id "5484"

2026-01-23 16:20:21.465 [info] WARNING:pygls.protocol.json_rpc:Cancel notification for unknown message id "5486"

2026-01-23 16:20:21.465 [info] WARNING:pygls.protocol.json_rpc:Cancel notification for unknown message id "5487"

2026-01-23 16:20:21.472 [info] WARNING:pygls.protocol.json_rpc:Cancel notification for unknown message id "5488"

2026-01-23 16:20:21.472 [info] WARNING:pygls.protocol.json_rpc:Cancel notification for unknown message id "5489"

2026-01-23 16:20:25.212 [info] WARNING:pygls.protocol.json_rpc:Cancel notification for unknown message id "5490"

2026-01-23 16:20:25.212 [info] WARNING:pygls.protocol.json_rpc:Cancel notification for unknown message id "5491"

2026-01-23 16:20:37.937 [info] WARNING:pygls.protocol.json_rpc:Cancel notification for unknown message id "5498"

2026-01-23 16:20:37.943 [info] WARNING:pygls.protocol.json_rpc:Cancel notification for unknown message id "5500"

2026-01-23 16:20:37.943 [info] WARNING:pygls.protocol.json_rpc:Cancel notification for unknown message id "5499"

2026-01-23 16:20:37.943 [info] WARNING:pygls.protocol.json_rpc:Cancel notification for unknown message id "5501"

2026-01-23 16:20:38.008 [info] WARNING:pygls.protocol.json_rpc:Cancel notification for unknown message id "5502"

2026-01-23 16:20:38.046 [info] WARNING:pygls.protocol.json_rpc:Cancel notification for unknown message id "5503"

2026-01-23 16:20:38.050 [info] WARNING:pygls.protocol.json_rpc:Cancel notification for unknown message id "5505"

2026-01-23 16:20:38.050 [info] WARNING:pygls.protocol.json_rpc:Cancel notification for unknown message id "5506"

2026-01-23 16:20:38.068 [info] WARNING:pygls.protocol.json_rpc:Cancel notification for unknown message id "5507"

2026-01-23 16:20:38.068 [info] WARNING:pygls.protocol.json_rpc:Cancel notification for unknown message id "5508"

2026-01-23 16:20:41.564 [info] WARNING:pygls.protocol.json_rpc:Cancel notification for unknown message id "5509"

2026-01-23 16:20:41.564 [info] WARNING:pygls.protocol.json_rpc:Cancel notification for unknown message id "5510"

2026-01-23 16:20:49.029 [info] WARNING:pygls.protocol.json_rpc:Cancel notification for unknown message id "5531"

2026-01-23 16:20:54.029 [info] WARNING:pygls.protocol.json_rpc:Cancel notification for unknown message id "5536"

2026-01-23 16:20:54.406 [info] WARNING:pygls.protocol.json_rpc:Cancel notification for unknown message id "5538"

2026-01-23 16:20:54.406 [info] WARNING:pygls.protocol.json_rpc:Cancel notification for unknown message id "5537"

2026-01-23 16:20:54.458 [info] WARNING:pygls.protocol.json_rpc:Cancel notification for unknown message id "5539"

2026-01-23 16:20:54.476 [info] WARNING:pygls.protocol.json_rpc:Cancel notification for unknown message id "5542"

2026-01-23 16:20:54.476 [info] WARNING:pygls.protocol.json_rpc:Cancel notification for unknown message id "5540"

2026-01-23 16:20:54.491 [info] WARNING:pygls.protocol.json_rpc:Cancel notification for unknown message id "5543"

2026-01-23 16:20:54.492 [info] WARNING:pygls.protocol.json_rpc:Cancel notification for unknown message id "5541"

2026-01-23 16:21:11.516 [info] WARNING:pygls.protocol.json_rpc:Cancel notification for unknown message id "5554"

2026-01-23 16:21:11.572 [info] WARNING:pygls.protocol.json_rpc:Cancel notification for unknown message id "5555"

2026-01-23 16:21:11.624 [info] WARNING:pygls.protocol.json_rpc:Cancel notification for unknown message id "5556"

2026-01-23 16:21:11.677 [info] WARNING:pygls.protocol.json_rpc:Cancel notification for unknown message id "5557"

2026-01-23 16:21:11.740 [info] WARNING:pygls.protocol.json_rpc:Cancel notification for unknown message id "5558"

2026-01-23 16:21:11.801 [info] WARNING:pygls.protocol.json_rpc:Cancel notification for unknown message id "5559"

2026-01-23 16:21:11.855 [info] WARNING:pygls.protocol.json_rpc:Cancel notification for unknown message id "5560"

2026-01-23 16:21:11.861 [info] WARNING:pygls.protocol.json_rpc:Cancel notification for unknown message id "5561"

2026-01-23 16:21:11.912 [info] WARNING:pygls.protocol.json_rpc:Cancel notification for unknown message id "5562"

2026-01-23 16:21:11.917 [info] WARNING:pygls.protocol.json_rpc:Cancel notification for unknown message id "5564"

2026-01-23 16:21:11.917 [info] WARNING:pygls.protocol.json_rpc:Cancel notification for unknown message id "5565"

2026-01-23 16:21:27.747 [info] WARNING:pygls.protocol.json_rpc:Cancel notification for unknown message id "5584"

2026-01-23 16:21:27.748 [info] WARNING:pygls.protocol.json_rpc:Cancel notification for unknown message id "5583"

2026-01-23 16:21:55.233 [info] WARNING:pygls.protocol.json_rpc:Cancel notification for unknown message id "5628"

2026-01-23 16:21:55.234 [info] WARNING:pygls.protocol.json_rpc:Cancel notification for unknown message id "5629"

2026-01-23 16:21:58.020 [info] WARNING:pygls.protocol.json_rpc:Cancel notification for unknown message id "5634"

2026-01-23 16:21:58.023 [info] WARNING:pygls.protocol.json_rpc:Cancel notification for unknown message id "5635"

2026-01-23 16:22:15.159 [info] WARNING:pygls.protocol.json_rpc:Cancel notification for unknown message id "5652"

2026-01-23 16:22:19.636 [info] WARNING:pygls.protocol.json_rpc:Cancel notification for unknown message id "5670"

2026-01-23 16:22:29.057 [info] WARNING:pygls.protocol.json_rpc:Cancel notification for unknown message id "5688"

2026-01-23 16:22:42.570 [info] ERROR:pygls.protocol.json_rpc:Failed to handle request 5720 completionItem/resolve CompletionItem(label='complement', label_details=None, kind=<CompletionItemKind.Text: 1>, tags=None, detail=None, documentation=None, deprecated=None, preselect=None, sort_text='v0', filter_text='complement', insert_text='complement', insert_text_format=<InsertTextFormat.PlainText: 1>, insert_text_mode=None, text_edit=None, text_edit_text=None, additional_text_edits=None, commit_characters=None, command=None, data=None)
Traceback (most recent call last):
  File "/home/lukkotemplar/.vscode-oss/extensions/ms-python.python-2026.0.0-universal/python_files/lib/jedilsp/pygls/protocol/json_rpc.py", line 266, in _handle_request
    self._execute_request(msg_id, handler, params)
    ~~~~~~~~~~~~~~~~~~~~~^^^^^^^^^^^^^^^^^^^^^^^^^
  File "/home/lukkotemplar/.vscode-oss/extensions/ms-python.python-2026.0.0-universal/python_files/lib/jedilsp/pygls/protocol/json_rpc.py", line 188, in _execute_request
    self._send_response(msg_id, handler(params))
                                ~~~~~~~^^^^^^^^
  File "/home/lukkotemplar/.vscode-oss/extensions/ms-python.python-2026.0.0-universal/python_files/lib/jedilsp/jedi_language_server/server.py", line 262, in completion_item_resolve
    return jedi_utils.lsp_completion_item_resolve(
           ~~~~~~~~~~~~~~~~~~~~~~~~~~~~~~~~~~~~~~^
        params, markup_kind=markup_kind
        ^^^^^^^^^^^^^^^^^^^^^^^^^^^^^^^
    )
    ^
  File "/home/lukkotemplar/.vscode-oss/extensions/ms-python.python-2026.0.0-universal/python_files/lib/jedilsp/jedi_language_server/jedi_utils.py", line 710, in lsp_completion_item_resolve
    completion = _MOST_RECENT_COMPLETIONS[item.label]
                 ~~~~~~~~~~~~~~~~~~~~~~~~^^^^^^^^^^^^
KeyError: 'complement'

2026-01-23 16:22:42.571 [info] [Error - 16:22:42] Request completionItem/resolve failed.
2026-01-23 16:22:42.571 [info]   Message: KeyError: 'complement'
  Code: -32603 
[object Object]
2026-01-23 16:23:28.554 [info] WARNING:pygls.protocol.json_rpc:Cancel notification for unknown message id "5772"

2026-01-23 16:23:28.558 [info] WARNING:pygls.protocol.json_rpc:Cancel notification for unknown message id "5773"

2026-01-23 16:23:31.267 [info] WARNING:pygls.protocol.json_rpc:Cancel notification for unknown message id "5784"

2026-01-23 16:23:32.592 [info] WARNING:pygls.protocol.json_rpc:Cancel notification for unknown message id "5794"

2026-01-23 16:23:32.593 [info] WARNING:pygls.protocol.json_rpc:Cancel notification for unknown message id "5795"

2026-01-23 16:23:45.452 [info] WARNING:pygls.protocol.json_rpc:Cancel notification for unknown message id "5821"

2026-01-23 16:24:26.939 [info] WARNING:pygls.protocol.json_rpc:Cancel notification for unknown message id "5879"

2026-01-23 16:24:26.942 [info] WARNING:pygls.protocol.json_rpc:Cancel notification for unknown message id "5880"

2026-01-23 16:24:30.310 [info] WARNING:pygls.protocol.json_rpc:Cancel notification for unknown message id "5881"

2026-01-23 16:24:30.310 [info] WARNING:pygls.protocol.json_rpc:Cancel notification for unknown message id "5882"

2026-01-23 16:24:30.334 [info] WARNING:pygls.protocol.json_rpc:Cancel notification for unknown message id "5884"

2026-01-23 16:24:39.284 [info] WARNING:pygls.protocol.json_rpc:Cancel notification for unknown message id "5910"

2026-01-23 16:24:39.284 [info] WARNING:pygls.protocol.json_rpc:Cancel notification for unknown message id "5911"

2026-01-23 16:24:39.306 [info] WARNING:pygls.protocol.json_rpc:Cancel notification for unknown message id "5913"

2026-01-23 16:24:39.332 [info] WARNING:pygls.protocol.json_rpc:Cancel notification for unknown message id "5914"

2026-01-23 16:24:39.332 [info] WARNING:pygls.protocol.json_rpc:Cancel notification for unknown message id "5912"

2026-01-23 16:24:39.353 [info] WARNING:pygls.protocol.json_rpc:Cancel notification for unknown message id "5916"

2026-01-23 16:24:39.356 [info] WARNING:pygls.protocol.json_rpc:Cancel notification for unknown message id "5917"

2026-01-23 16:24:39.356 [info] WARNING:pygls.protocol.json_rpc:Cancel notification for unknown message id "5915"

2026-01-23 16:24:39.357 [info] WARNING:pygls.protocol.json_rpc:Cancel notification for unknown message id "5919"

2026-01-23 16:24:39.361 [info] WARNING:pygls.protocol.json_rpc:Cancel notification for unknown message id "5920"

2026-01-23 16:25:39.925 [info] WARNING:pygls.protocol.json_rpc:Cancel notification for unknown message id "6005"

2026-01-23 16:54:11.816 [info] WARNING:pygls.protocol.json_rpc:Cancel notification for unknown message id "6033"

2026-01-23 16:54:11.819 [info] WARNING:pygls.protocol.json_rpc:Cancel notification for unknown message id "6035"

2026-01-23 16:54:12.149 [info] WARNING:pygls.protocol.json_rpc:Cancel notification for unknown message id "6036"

2026-01-23 16:54:12.454 [info] WARNING:pygls.protocol.json_rpc:Cancel notification for unknown message id "6038"

2026-01-23 16:54:12.456 [info] WARNING:pygls.protocol.json_rpc:Cancel notification for unknown message id "6040"

2026-01-23 16:54:17.661 [info] WARNING:pygls.protocol.json_rpc:Cancel notification for unknown message id "6057"

2026-01-23 16:56:08.563 [info] WARNING:pygls.protocol.json_rpc:Cancel notification for unknown message id "6164"

2026-01-23 16:56:24.713 [info] WARNING:pygls.protocol.json_rpc:Cancel notification for unknown message id "6170"

2026-01-23 16:56:26.284 [info] WARNING:pygls.protocol.json_rpc:Cancel notification for unknown message id "6172"

2026-01-23 16:56:30.092 [info] WARNING:pygls.protocol.json_rpc:Cancel notification for unknown message id "6191"

2026-01-23 16:56:30.093 [info] WARNING:pygls.protocol.json_rpc:Cancel notification for unknown message id "6192"

2026-01-23 16:56:47.210 [info] WARNING:pygls.protocol.json_rpc:Cancel notification for unknown message id "6220"

2026-01-23 16:58:12.324 [info] WARNING:pygls.protocol.json_rpc:Cancel notification for unknown message id "6267"

2026-01-23 16:58:12.324 [info] WARNING:pygls.protocol.json_rpc:Cancel notification for unknown message id "6268"

2026-01-23 16:58:15.164 [info] WARNING:pygls.protocol.json_rpc:Cancel notification for unknown message id "6285"

2026-01-23 16:58:16.864 [info] WARNING:pygls.protocol.json_rpc:Cancel notification for unknown message id "6297"

2026-01-23 16:58:16.864 [info] WARNING:pygls.protocol.json_rpc:Cancel notification for unknown message id "6298"

2026-01-23 16:58:17.970 [info] WARNING:pygls.protocol.json_rpc:Cancel notification for unknown message id "6306"

2026-01-23 16:58:26.607 [info] WARNING:pygls.protocol.json_rpc:Cancel notification for unknown message id "6345"

2026-01-23 16:59:32.617 [info] WARNING:pygls.protocol.json_rpc:Cancel notification for unknown message id "6422"

2026-01-23 16:59:35.144 [info] WARNING:pygls.protocol.json_rpc:Cancel notification for unknown message id "6430"

2026-01-23 17:00:12.054 [info] WARNING:pygls.protocol.json_rpc:Cancel notification for unknown message id "6477"

2026-01-23 17:02:32.440 [info] WARNING:pygls.protocol.json_rpc:Cancel notification for unknown message id "6571"

