2026-01-23 14:41:40.881 [warning] Dir "/home/lukkotemplar/Documents/Personal/Python/.pixi/envs" is not watchable (directory does not exist)
2026-01-23 14:41:40.981 [error] Unable to check if shell integration is active [Error: Extension 'ms-python.python' CANNOT use API proposal: terminalDataWriteEvent.
Its package.json#enabledApiProposals-property declares:  but NOT terminalDataWriteEvent.
 The missing proposal MUST be added and you must start in extension development mode or use the following command line switch: --enable-proposed-api ms-python.python
	at T (file:///usr/lib/code/out/vs/workbench/api/node/extensionHostProcess.js:110:34312)
	at a.onDidWriteTerminalData (file:///usr/lib/code/out/vs/workbench/api/node/extensionHostProcess.js:212:111643)
	at new m (/home/lukkotemplar/.vscode-oss/extensions/ms-python.python-2026.0.0-universal/out/client/extension.js:2:916862)
	at ge (/home/lukkotemplar/.vscode-oss/extensions/ms-python.python-2026.0.0-universal/out/client/extension.js:2:1743736)
	at /home/lukkotemplar/.vscode-oss/extensions/ms-python.python-2026.0.0-universal/out/client/extension.js:2:1747100
	at /home/lukkotemplar/.vscode-oss/extensions/ms-python.python-2026.0.0-universal/out/client/extension.js:2:1747128
	at Se (/home/lukkotemplar/.vscode-oss/extensions/ms-python.python-2026.0.0-universal/out/client/extension.js:2:1747195)
	at /home/lukkotemplar/.vscode-oss/extensions/ms-python.python-2026.0.0-universal/out/client/extension.js:2:1747675
	at we (/home/lukkotemplar/.vscode-oss/extensions/ms-python.python-2026.0.0-universal/out/client/extension.js:2:1747616)
	at Pe (/home/lukkotemplar/.vscode-oss/extensions/ms-python.python-2026.0.0-universal/out/client/extension.js:2:1747650)
	at /home/lukkotemplar/.vscode-oss/extensions/ms-python.python-2026.0.0-universal/out/client/extension.js:2:1744889
	at /home/lukkotemplar/.vscode-oss/extensions/ms-python.python-2026.0.0-universal/out/client/extension.js:2:1746494
	at Array.reduce (<anonymous>)
	at /home/lukkotemplar/.vscode-oss/extensions/ms-python.python-2026.0.0-universal/out/client/extension.js:2:1746466
	at /home/lukkotemplar/.vscode-oss/extensions/ms-python.python-2026.0.0-universal/out/client/extension.js:2:1746748
	at /home/lukkotemplar/.vscode-oss/extensions/ms-python.python-2026.0.0-universal/out/client/extension.js:2:1747128
	at Se (/home/lukkotemplar/.vscode-oss/extensions/ms-python.python-2026.0.0-universal/out/client/extension.js:2:1747195)
	at /home/lukkotemplar/.vscode-oss/extensions/ms-python.python-2026.0.0-universal/out/client/extension.js:2:1747675
	at we (/home/lukkotemplar/.vscode-oss/extensions/ms-python.python-2026.0.0-universal/out/client/extension.js:2:1747616)
	at Pe (/home/lukkotemplar/.vscode-oss/extensions/ms-python.python-2026.0.0-universal/out/client/extension.js:2:1747650)
	at /home/lukkotemplar/.vscode-oss/extensions/ms-python.python-2026.0.0-universal/out/client/extension.js:2:1744889
	at /home/lukkotemplar/.vscode-oss/extensions/ms-python.python-2026.0.0-universal/out/client/extension.js:2:1774559
	at /home/lukkotemplar/.vscode-oss/extensions/ms-python.python-2026.0.0-universal/out/client/extension.js:2:1774580
	at e._get (/home/lukkotemplar/.vscode-oss/extensions/ms-python.python-2026.0.0-universal/out/client/extension.js:2:1773593)
	at e._getButThrowIfAsync (/home/lukkotemplar/.vscode-oss/extensions/ms-python.python-2026.0.0-universal/out/client/extension.js:2:1773653)
	at e.get (/home/lukkotemplar/.vscode-oss/extensions/ms-python.python-2026.0.0-universal/out/client/extension.js:2:1769362)
	at e.dynamicValue (/home/lukkotemplar/.vscode-oss/extensions/ms-python.python-2026.0.0-universal/out/client/extension.js:2:1759095)
	at /home/lukkotemplar/.vscode-oss/extensions/ms-python.python-2026.0.0-universal/out/client/extension.js:2:1745272
	at Ee (/home/lukkotemplar/.vscode-oss/extensions/ms-python.python-2026.0.0-universal/out/client/extension.js:2:1745528)
	at Se (/home/lukkotemplar/.vscode-oss/extensions/ms-python.python-2026.0.0-universal/out/client/extension.js:2:1747244)
	at /home/lukkotemplar/.vscode-oss/extensions/ms-python.python-2026.0.0-universal/out/client/extension.js:2:1747675
	at we (/home/lukkotemplar/.vscode-oss/extensions/ms-python.python-2026.0.0-universal/out/client/extension.js:2:1747616)
	at Pe (/home/lukkotemplar/.vscode-oss/extensions/ms-python.python-2026.0.0-universal/out/client/extension.js:2:1747650)
	at /home/lukkotemplar/.vscode-oss/extensions/ms-python.python-2026.0.0-universal/out/client/extension.js:2:1744889
	at /home/lukkotemplar/.vscode-oss/extensions/ms-python.python-2026.0.0-universal/out/client/extension.js:2:1744823
	at Array.map (<anonymous>)
	at /home/lukkotemplar/.vscode-oss/extensions/ms-python.python-2026.0.0-universal/out/client/extension.js:2:1744794
	at /home/lukkotemplar/.vscode-oss/extensions/ms-python.python-2026.0.0-universal/out/client/extension.js:2:1746494
	at Array.reduce (<anonymous>)
	at /home/lukkotemplar/.vscode-oss/extensions/ms-python.python-2026.0.0-universal/out/client/extension.js:2:1746466
	at /home/lukkotemplar/.vscode-oss/extensions/ms-python.python-2026.0.0-universal/out/client/extension.js:2:1746748
	at /home/lukkotemplar/.vscode-oss/extensions/ms-python.python-2026.0.0-universal/out/client/extension.js:2:1747128
	at Se (/home/lukkotemplar/.vscode-oss/extensions/ms-python.python-2026.0.0-universal/out/client/extension.js:2:1747195)
	at /home/lukkotemplar/.vscode-oss/extensions/ms-python.python-2026.0.0-universal/out/client/extension.js:2:1747675
	at we (/home/lukkotemplar/.vscode-oss/extensions/ms-python.python-2026.0.0-universal/out/client/extension.js:2:1747616)
	at Pe (/home/lukkotemplar/.vscode-oss/extensions/ms-python.python-2026.0.0-universal/out/client/extension.js:2:1747650)
	at /home/lukkotemplar/.vscode-oss/extensions/ms-python.python-2026.0.0-universal/out/client/extension.js:2:1744889
	at /home/lukkotemplar/.vscode-oss/extensions/ms-python.python-2026.0.0-universal/out/client/extension.js:2:1774559
	at /home/lukkotemplar/.vscode-oss/extensions/ms-python.python-2026.0.0-universal/out/client/extension.js:2:1774580
	at e._get (/home/lukkotemplar/.vscode-oss/extensions/ms-python.python-2026.0.0-universal/out/client/extension.js:2:1773593)
	at e._getButThrowIfAsync (/home/lukkotemplar/.vscode-oss/extensions/ms-python.python-2026.0.0-universal/out/client/extension.js:2:1773653)
	at e.get (/home/lukkotemplar/.vscode-oss/extensions/ms-python.python-2026.0.0-universal/out/client/extension.js:2:1769362)
	at a.get (/home/lukkotemplar/.vscode-oss/extensions/ms-python.python-2026.0.0-universal/out/client/extension.js:2:571120)
	at /home/lukkotemplar/.vscode-oss/extensions/ms-python.python-2026.0.0-universal/out/client/extension.js:2:480832
	at async t.activateComponents (/home/lukkotemplar/.vscode-oss/extensions/ms-python.python-2026.0.0-universal/out/client/extension.js:2:479135)
	at async /home/lukkotemplar/.vscode-oss/extensions/ms-python.python-2026.0.0-universal/out/client/extension.js:2:2710173
	at async e (/home/lukkotemplar/.vscode-oss/extensions/ms-python.python-2026.0.0-universal/out/client/extension.js:2:2709627)
	at async Ky.n (file:///usr/lib/code/out/vs/workbench/api/node/extensionHostProcess.js:116:13398)
	at async Ky.m (file:///usr/lib/code/out/vs/workbench/api/node/extensionHostProcess.js:116:13361)
	at async Ky.l (file:///usr/lib/code/out/vs/workbench/api/node/extensionHostProcess.js:116:12817)]
2026-01-23 14:41:41.005 [info] VS Code was launched from an activated environment: 'Python', selecting it as the interpreter for workspace.
2026-01-23 14:41:41.008 [info] Python interpreter path: ./bin/python
2026-01-23 14:41:41.025 [info] > pyenv which python
2026-01-23 14:41:41.025 [info] cwd: .
2026-01-23 14:41:41.043 [info] Active interpreter [/home/lukkotemplar/Documents/Personal/Python]:  /home/lukkotemplar/Documents/Personal/Python/bin/python
2026-01-23 14:41:41.051 [error] [
  'Failed to activate a workspace, Class name = v, completed in 61ms, has a falsy return value, Arg 1: <Uri:/home/lukkotemplar/Documents/Personal/Python/calc.py>, Arg 2: {"started":1769175700823}, Return Value: undefined',
  [Error: Extension 'ms-python.python' CANNOT use API proposal: testObserver.
  Its package.json#enabledApiProposals-property declares:  but NOT testObserver.
   The missing proposal MUST be added and you must start in extension development mode or use the following command line switch: --enable-proposed-api ms-python.python
  	at T (file:///usr/lib/code/out/vs/workbench/api/node/extensionHostProcess.js:110:34312)
  	at get testResults (file:///usr/lib/code/out/vs/workbench/api/node/extensionHostProcess.js:212:104674)
  	at x.activate (/home/lukkotemplar/.vscode-oss/extensions/ms-python.python-2026.0.0-universal/out/client/extension.js:2:950362)
  	at /home/lukkotemplar/.vscode-oss/extensions/ms-python.python-2026.0.0-universal/out/client/extension.js:2:2457
  	at Array.map (<anonymous>)
  	at v.activateWorkspace (/home/lukkotemplar/.vscode-oss/extensions/ms-python.python-2026.0.0-universal/out/client/extension.js:2:2447)]
]
2026-01-23 14:41:41.053 [error] Failure during activation. [Error: Extension 'ms-python.python' CANNOT use API proposal: testObserver.
Its package.json#enabledApiProposals-property declares:  but NOT testObserver.
 The missing proposal MUST be added and you must start in extension development mode or use the following command line switch: --enable-proposed-api ms-python.python
	at T (file:///usr/lib/code/out/vs/workbench/api/node/extensionHostProcess.js:110:34312)
	at get testResults (file:///usr/lib/code/out/vs/workbench/api/node/extensionHostProcess.js:212:104674)
	at x.activate (/home/lukkotemplar/.vscode-oss/extensions/ms-python.python-2026.0.0-universal/out/client/extension.js:2:950362)
	at /home/lukkotemplar/.vscode-oss/extensions/ms-python.python-2026.0.0-universal/out/client/extension.js:2:2457
	at Array.map (<anonymous>)
	at v.activateWorkspace (/home/lukkotemplar/.vscode-oss/extensions/ms-python.python-2026.0.0-universal/out/client/extension.js:2:2447)]
2026-01-23 14:41:41.053 [error] sendStartupTelemetry() failed. [Error: Extension 'ms-python.python' CANNOT use API proposal: testObserver.
Its package.json#enabledApiProposals-property declares:  but NOT testObserver.
 The missing proposal MUST be added and you must start in extension development mode or use the following command line switch: --enable-proposed-api ms-python.python
	at T (file:///usr/lib/code/out/vs/workbench/api/node/extensionHostProcess.js:110:34312)
	at get testResults (file:///usr/lib/code/out/vs/workbench/api/node/extensionHostProcess.js:212:104674)
	at x.activate (/home/lukkotemplar/.vscode-oss/extensions/ms-python.python-2026.0.0-universal/out/client/extension.js:2:950362)
	at /home/lukkotemplar/.vscode-oss/extensions/ms-python.python-2026.0.0-universal/out/client/extension.js:2:2457
	at Array.map (<anonymous>)
	at v.activateWorkspace (/home/lukkotemplar/.vscode-oss/extensions/ms-python.python-2026.0.0-universal/out/client/extension.js:2:2447)]
2026-01-23 14:41:41.952 [info] Starting Jedi language server for Python.
2026-01-23 15:42:53.039 [info] Send text to terminal: source /home/lukkotemplar/Documents/Personal/Python/bin/activate
2026-01-23 15:42:53.949 [info] Send text to terminal:  /usr/bin/env /home/lukkotemplar/Documents/Personal/Python/bin/python /home/lukkotemplar/.vscode-oss/extensions/ms-python.debugpy-2024.0.0-linux-x64/bundled/libs/debugpy/adapter/../../debugpy/launcher 42993 -- /home/lukkotemplar/Documents/Personal/Python/solution.py 
2026-01-23 15:43:07.809 [info] CreateEnv Trigger - Skipping for /home/lukkotemplar/Documents/Personal/Python/solution.py
2026-01-23 15:43:07.887 [info] Send text to terminal: source /home/lukkotemplar/Documents/Personal/Python/bin/activate
2026-01-23 15:43:08.891 [info] Send text to terminal: /home/lukkotemplar/Documents/Personal/Python/bin/python /home/lukkotemplar/Documents/Personal/Python/solution.py
