2026-01-23 22:33:33.631 [info] Reading sessions from keychain...
2026-01-23 22:33:33.633 [info] Getting sessions for all scopes...
2026-01-23 22:33:33.747 [info] Got 0 sessions for ...
2026-01-23 22:33:33.747 [info] Getting sessions for all scopes...
2026-01-23 22:33:33.748 [info] Got 0 sessions for ...
2026-01-23 22:33:33.748 [info] Getting sessions for all scopes...
2026-01-23 22:33:33.748 [info] Got 0 sessions for ...
2026-01-23 22:33:33.748 [info] Getting sessions for all scopes...
2026-01-23 22:33:33.748 [info] Got 0 sessions for ...
2026-01-23 22:33:33.748 [info] Getting sessions for all scopes...
2026-01-23 22:33:33.748 [info] Got 0 sessions for ...
2026-01-23 22:33:33.748 [info] Getting sessions for all scopes...
2026-01-23 22:33:33.748 [info] Got 0 sessions for ...
2026-01-23 22:33:33.748 [info] Getting sessions for all scopes...
2026-01-23 22:33:33.748 [info] Got 0 sessions for ...
2026-01-23 22:33:33.775 [info] Getting sessions for all scopes...
2026-01-23 22:33:33.775 [info] Got 0 sessions for ...
2026-01-23 22:33:33.775 [info] Getting sessions for all scopes...
2026-01-23 22:33:33.775 [info] Got 0 sessions for ...
2026-01-23 22:33:33.775 [info] Getting sessions for all scopes...
2026-01-23 22:33:33.776 [info] Got 0 sessions for ...
2026-01-23 22:33:33.776 [info] Getting sessions for all scopes...
2026-01-23 22:33:33.776 [info] Got 0 sessions for ...
2026-01-23 22:33:33.776 [info] Getting sessions for all scopes...
2026-01-23 22:33:33.776 [info] Got 0 sessions for ...
2026-01-23 22:33:33.776 [info] Getting sessions for all scopes...
2026-01-23 22:33:33.776 [info] Got 0 sessions for ...
2026-01-23 22:33:33.916 [info] Getting sessions for all scopes...
2026-01-23 22:33:33.916 [info] Got 0 sessions for ...
2026-01-23 22:33:34.404 [info] Getting sessions for read:user,repo,user:email,workflow...
2026-01-23 22:33:34.404 [info] Got 0 sessions for read:user,repo,user:email,workflow...
2026-01-23 22:33:34.510 [info] Getting sessions for read:user,repo,user:email,workflow...
2026-01-23 22:33:34.510 [info] Got 0 sessions for read:user,repo,user:email,workflow...
2026-01-23 22:33:34.724 [info] Getting sessions for all scopes...
2026-01-23 22:33:34.724 [info] Got 0 sessions for ...
