2026-01-23 14:41:39.291 [info] Started local extension host with pid 5368.
2026-01-23 14:41:39.507 [error] Extension 'ms-python.debugpy CANNOT USE these API proposals 'portsAttributes'. You MUST start in extension development mode or use the --enable-proposed-api command line flag
2026-01-23 14:41:39.507 [error] Extension 'ms-python.python CANNOT USE these API proposals 'contribEditorContentMenu, quickPickSortByLabel, testObserver, quickPickItemTooltip, terminalDataWriteEvent, terminalExecuteCommandEvent, codeActionAI, notebookReplDocument, notebookVariableProvider'. You MUST start in extension development mode or use the --enable-proposed-api command line flag
2026-01-23 14:41:39.508 [error] Extension 'ms-python.vscode-python-envs CANNOT USE these API proposals 'terminalShellEnv, terminalDataWriteEvent'. You MUST start in extension development mode or use the --enable-proposed-api command line flag
2026-01-23 14:41:39.551 [error] [ms-python.python]: editor/content is a proposed menu identifier. It requires 'package.json#enabledApiProposals: ["contribEditorContentMenu"]' and is only available when running out of dev or with the following command line switch: --enable-proposed-api ms-python.python
2026-01-23 14:41:42.039 [info] [perf] Render performance baseline is 31ms
2026-01-23 14:41:42.057 [error] An unknown error occurred. Please consult the log for more details.
2026-01-23 15:22:25.839 [error] UnboundLocalError: cannot access local variable 'start_index' where it is not associated with a value: Error: UnboundLocalError: cannot access local variable 'start_index' where it is not associated with a value
	at ae (/home/lukkotemplar/.vscode-oss/extensions/ms-python.python-2026.0.0-universal/out/client/extension.js:2:2026347)
	at oe (/home/lukkotemplar/.vscode-oss/extensions/ms-python.python-2026.0.0-universal/out/client/extension.js:2:2024307)
	at Immediate.<anonymous> (/home/lukkotemplar/.vscode-oss/extensions/ms-python.python-2026.0.0-universal/out/client/extension.js:2:2020601)
	at process.processImmediate (node:internal/timers:485:21)
2026-01-23 15:33:26.315 [error] UnboundLocalError: cannot access local variable 'start_index' where it is not associated with a value: Error: UnboundLocalError: cannot access local variable 'start_index' where it is not associated with a value
	at ae (/home/lukkotemplar/.vscode-oss/extensions/ms-python.python-2026.0.0-universal/out/client/extension.js:2:2026347)
	at oe (/home/lukkotemplar/.vscode-oss/extensions/ms-python.python-2026.0.0-universal/out/client/extension.js:2:2024307)
	at Immediate.<anonymous> (/home/lukkotemplar/.vscode-oss/extensions/ms-python.python-2026.0.0-universal/out/client/extension.js:2:2020601)
	at process.processImmediate (node:internal/timers:485:21)
2026-01-23 15:33:32.008 [error] UnboundLocalError: cannot access local variable 'start_index' where it is not associated with a value: Error: UnboundLocalError: cannot access local variable 'start_index' where it is not associated with a value
	at ae (/home/lukkotemplar/.vscode-oss/extensions/ms-python.python-2026.0.0-universal/out/client/extension.js:2:2026347)
	at oe (/home/lukkotemplar/.vscode-oss/extensions/ms-python.python-2026.0.0-universal/out/client/extension.js:2:2024307)
	at Immediate.<anonymous> (/home/lukkotemplar/.vscode-oss/extensions/ms-python.python-2026.0.0-universal/out/client/extension.js:2:2020601)
	at process.processImmediate (node:internal/timers:485:21)
2026-01-23 15:34:27.576 [error] UnboundLocalError: cannot access local variable 'start_index' where it is not associated with a value: Error: UnboundLocalError: cannot access local variable 'start_index' where it is not associated with a value
	at ae (/home/lukkotemplar/.vscode-oss/extensions/ms-python.python-2026.0.0-universal/out/client/extension.js:2:2026347)
	at oe (/home/lukkotemplar/.vscode-oss/extensions/ms-python.python-2026.0.0-universal/out/client/extension.js:2:2024307)
	at Immediate.<anonymous> (/home/lukkotemplar/.vscode-oss/extensions/ms-python.python-2026.0.0-universal/out/client/extension.js:2:2020601)
	at process.processImmediate (node:internal/timers:485:21)
2026-01-23 15:34:28.582 [error] UnboundLocalError: cannot access local variable 'start_index' where it is not associated with a value: Error: UnboundLocalError: cannot access local variable 'start_index' where it is not associated with a value
	at ae (/home/lukkotemplar/.vscode-oss/extensions/ms-python.python-2026.0.0-universal/out/client/extension.js:2:2026347)
	at oe (/home/lukkotemplar/.vscode-oss/extensions/ms-python.python-2026.0.0-universal/out/client/extension.js:2:2024307)
	at Immediate.<anonymous> (/home/lukkotemplar/.vscode-oss/extensions/ms-python.python-2026.0.0-universal/out/client/extension.js:2:2020601)
	at process.processImmediate (node:internal/timers:485:21)
2026-01-23 15:39:38.443 [error] UnboundLocalError: cannot access local variable 'start_index' where it is not associated with a value: Error: UnboundLocalError: cannot access local variable 'start_index' where it is not associated with a value
	at ae (/home/lukkotemplar/.vscode-oss/extensions/ms-python.python-2026.0.0-universal/out/client/extension.js:2:2026347)
	at oe (/home/lukkotemplar/.vscode-oss/extensions/ms-python.python-2026.0.0-universal/out/client/extension.js:2:2024307)
	at Immediate.<anonymous> (/home/lukkotemplar/.vscode-oss/extensions/ms-python.python-2026.0.0-universal/out/client/extension.js:2:2020601)
	at process.processImmediate (node:internal/timers:485:21)
2026-01-23 15:44:18.997 [error] UnboundLocalError: cannot access local variable 'start_index' where it is not associated with a value: Error: UnboundLocalError: cannot access local variable 'start_index' where it is not associated with a value
	at ae (/home/lukkotemplar/.vscode-oss/extensions/ms-python.python-2026.0.0-universal/out/client/extension.js:2:2026347)
	at oe (/home/lukkotemplar/.vscode-oss/extensions/ms-python.python-2026.0.0-universal/out/client/extension.js:2:2024307)
	at Immediate.<anonymous> (/home/lukkotemplar/.vscode-oss/extensions/ms-python.python-2026.0.0-universal/out/client/extension.js:2:2020601)
	at process.processImmediate (node:internal/timers:485:21)
2026-01-23 15:45:05.275 [error] UnboundLocalError: cannot access local variable 'start_index' where it is not associated with a value: Error: UnboundLocalError: cannot access local variable 'start_index' where it is not associated with a value
	at ae (/home/lukkotemplar/.vscode-oss/extensions/ms-python.python-2026.0.0-universal/out/client/extension.js:2:2026347)
	at oe (/home/lukkotemplar/.vscode-oss/extensions/ms-python.python-2026.0.0-universal/out/client/extension.js:2:2024307)
	at Immediate.<anonymous> (/home/lukkotemplar/.vscode-oss/extensions/ms-python.python-2026.0.0-universal/out/client/extension.js:2:2020601)
	at process.processImmediate (node:internal/timers:485:21)
2026-01-23 15:53:30.629 [error] UnboundLocalError: cannot access local variable 'start_index' where it is not associated with a value: Error: UnboundLocalError: cannot access local variable 'start_index' where it is not associated with a value
	at ae (/home/lukkotemplar/.vscode-oss/extensions/ms-python.python-2026.0.0-universal/out/client/extension.js:2:2026347)
	at oe (/home/lukkotemplar/.vscode-oss/extensions/ms-python.python-2026.0.0-universal/out/client/extension.js:2:2024307)
	at Immediate.<anonymous> (/home/lukkotemplar/.vscode-oss/extensions/ms-python.python-2026.0.0-universal/out/client/extension.js:2:2020601)
	at process.processImmediate (node:internal/timers:485:21)
